16:02:35 | INFO     | SER WAV2VEC V2 | Gap-Based Early Stopping
16:02:35 | INFO     | Device: cuda | Feature dir: outputs/features/wav2vec_stats
16:02:35 | INFO     | Max gap: 0.15 | Gap patience: 5
16:02:35 | INFO     | Indexed 2765 cached embeddings from outputs/features/wav2vec_stats
16:02:35 | INFO     | Embedding dim: 6144
16:02:36 | INFO     | Train: 1997 | Val: 511 | Test: 257 | Speakers: 33
16:02:36 | INFO     | ======================================================================
16:02:36 | INFO     | USING BEST HYPERPARAMETERS (1 combo) | seed=42 | emb_dim=6144
16:02:36 | INFO     | ======================================================================
16:02:39 | INFO     | [1/1] valF1=0.5955 valAcc=0.6027 epochs=10 | 3.6s
16:02:39 | INFO     |   Epoch history saved with 10 points
16:02:39 | INFO     | ======================================================================
16:02:39 | INFO     | Ensemble | 5 seeds: [42, 123, 7, 2025, 999]
16:02:39 | INFO     | ======================================================================
16:02:42 | INFO     | [seed   42] valF1=0.5955 valAcc=0.6027 epochs=10 | 2.6s
16:02:44 | INFO     | [seed  123] valF1=0.5847 valAcc=0.5890 epochs=8 | 2.4s
16:02:48 | INFO     | [seed    7] valF1=0.6218 valAcc=0.6223 epochs=13 | 3.4s
16:02:54 | INFO     | [seed 2025] valF1=0.6192 valAcc=0.6341 epochs=23 | 5.9s
16:02:55 | INFO     | [seed  999] valF1=0.6069 valAcc=0.6184 epochs=6 | 1.6s
16:02:56 | INFO     | ----------------------------------------------------------------------
16:02:56 | INFO     | FINAL (5-seed ensemble)
16:02:56 | INFO     | Split      Accuracy    MacroF1
16:02:56 | INFO     | Train        0.9234     0.9233
16:02:56 | INFO     | Val            0.6399     0.6338
16:02:56 | INFO     | Test          0.6070     0.5293
16:02:56 | INFO     | Gap (train→test): +0.3164 acc | +0.3940 F1
16:02:56 | INFO     | Best Params: {'batch_size': 32, 'dropout': 0.7, 'epochs': 150, 'grad_clip': 1.0, 'grl_lambda': 1.0, 'hidden_dims': (64,), 'label_smoothing': 0.2, 'lr': 0.0005, 'min_lr': 1e-06, 'patience': 25, 'spectral_norm': True, 'warmup_epochs': 5, 'weight_decay': 0.01}
16:02:56 | INFO     |   seed=  42 | valF1=0.5955 | valAcc=0.6027 | epochs=10
16:02:56 | INFO     |   seed= 123 | valF1=0.5847 | valAcc=0.5890 | epochs=8
16:02:56 | INFO     |   seed=   7 | valF1=0.6218 | valAcc=0.6223 | epochs=13
16:02:56 | INFO     |   seed=2025 | valF1=0.6192 | valAcc=0.6341 | epochs=23
16:02:56 | INFO     |   seed= 999 | valF1=0.6069 | valAcc=0.6184 | epochs=6
16:02:56 | INFO     | 
Test-set classification report:
              precision    recall  f1-score   support

       Happy     0.4062    0.5306    0.4602        49
         Sad     0.5372    0.8553    0.6599        76
       Angry     0.9524    0.7317    0.8276        82
     Neutral     0.5556    0.1000    0.1695        50

    accuracy                         0.6070       257
   macro avg     0.6128    0.5544    0.5293       257
weighted avg     0.6483    0.6070    0.5799       257

16:02:56 | INFO     | Saved results → /home/mohammad/SPEECH-EMOTION-RECOGNITION/jordanian-speech-emotion-recognition/outputs/results/wav2vec_clf_v2_gap
16:02:56 | INFO     | Saved epoch histories for 5 seeds → /home/mohammad/SPEECH-EMOTION-RECOGNITION/jordanian-speech-emotion-recognition/outputs/results/wav2vec_clf_v2_gap
16:02:56 | INFO     | Done. Results in /home/mohammad/SPEECH-EMOTION-RECOGNITION/jordanian-speech-emotion-recognition/outputs/results/wav2vec_clf_v2_gap
