15:48:12 | INFO     | SER WAV2VEC Head V2 | Speaker-Invariant Adversarial Training
15:48:12 | INFO     | Device       : cuda
15:48:12 | INFO     | Feature dir  : outputs/features/wav2vec_stats
15:48:12 | INFO     | Metadata     : /home/mohammad/SPEECH-EMOTION-RECOGNITION/jordanian-speech-emotion-recognition/data/metadata.csv
15:48:12 | INFO     | Mixup alpha  : 0.3
15:48:12 | INFO     | Adv. weight  : 0.5
15:48:12 | INFO     | GRL schedule : linear
15:48:12 | INFO     | Ensemble     : 5 seeds ([42, 123, 7, 2025, 999])
15:48:12 | INFO     | K-Fold CV    : False
15:48:12 | INFO     | Indexed 2765 cached embeddings from outputs/features/wav2vec_stats
15:48:12 | INFO     | Embedding dim (auto-detected): 6144
15:48:12 | INFO     | Train speakers: [np.int64(1), np.int64(2), np.int64(3), np.int64(4), np.int64(5), np.int64(6), np.int64(7), np.int64(8), np.int64(9), np.int64(10), np.int64(12), np.int64(14), np.int64(15), np.int64(19), np.int64(20), np.int64(21), np.int64(24), np.int64(25), np.int64(26), np.int64(29), np.int64(30), np.int64(31), np.int64(32)] (1997 samples)
15:48:12 | INFO     | Val speakers  : [np.int64(13), np.int64(16), np.int64(22), np.int64(27), np.int64(28)] (511 samples)
15:48:12 | INFO     | Test speakers : [np.int64(11), np.int64(17), np.int64(18), np.int64(23), np.int64(33)] (257 samples)
15:48:12 | INFO     | Unique speakers for adversarial: 33
15:48:12 | INFO     | Train label dist: [479, 484, 488, 546]
15:48:12 | INFO     | Val label dist  : [159, 161, 101, 90]
15:48:12 | INFO     | Test label dist : [49, 76, 82, 50]
15:48:12 | INFO     | ======================================================================
15:48:12 | INFO     | USING BEST HYPERPARAMETERS (skip grid search) | seed=42 | mixup α=0.3 | adv_w=0.5 | emb_dim=6144
15:48:12 | INFO     | ======================================================================
15:48:31 | INFO     | [01/1] valF1=0.6673 valAcc=0.6712 epochs=79 | hidden=(64,) drop=0.7 wd=0.01 lr=0.0005 | 18.5s
15:48:31 | INFO     | BEST GRID | valF1=0.6673 valAcc=0.6712 | {'batch_size': 32, 'dropout': 0.7, 'epochs': 150, 'grad_clip': 1.0, 'grl_lambda': 1.0, 'hidden_dims': (64,), 'label_smoothing': 0.2, 'lr': 0.0005, 'min_lr': 1e-06, 'patience': 25, 'spectral_norm': True, 'warmup_epochs': 5, 'weight_decay': 0.01}
15:48:31 | INFO     | ======================================================================
15:48:31 | INFO     | ADVERSARIAL Ensemble | retraining best config under 5 seeds: [42, 123, 7, 2025, 999]
15:48:31 | INFO     | ======================================================================
15:48:48 | INFO     | [seed   42] valF1=0.6673 valAcc=0.6712 epochs=79 | 17.5s
15:49:04 | INFO     | [seed  123] valF1=0.6229 valAcc=0.6301 epochs=47 | 15.7s
15:49:19 | INFO     | [seed    7] valF1=0.6397 valAcc=0.6477 epochs=54 | 14.8s
15:49:27 | INFO     | [seed 2025] valF1=0.6342 valAcc=0.6341 epochs=39 | 8.3s
15:49:36 | INFO     | [seed  999] valF1=0.6427 valAcc=0.6438 epochs=39 | 8.9s
15:49:36 | INFO     | ----------------------------------------------------------------------
15:49:36 | INFO     | WAV2VEC-CLF-V2 FINAL  (5-seed ADVERSARIAL ensemble)
15:49:36 | INFO     | Split      Accuracy    MacroF1
15:49:36 | INFO     | Train        0.9875     0.9875
15:49:36 | INFO     | Val            0.6438     0.6378
15:49:36 | INFO     | Test          0.6420     0.5877
15:49:36 | INFO     | Generalisation gap (train→test): +0.3455 acc | +0.3997 F1
15:49:36 | INFO     | Best Params : {'batch_size': 32, 'dropout': 0.7, 'epochs': 150, 'grad_clip': 1.0, 'grl_lambda': 1.0, 'hidden_dims': (64,), 'label_smoothing': 0.2, 'lr': 0.0005, 'min_lr': 1e-06, 'patience': 25, 'spectral_norm': True, 'warmup_epochs': 5, 'weight_decay': 0.01}
15:49:36 | INFO     | Per-seed validation (members of the ensemble):
15:49:36 | INFO     |   seed=  42 | valF1=0.6673 | valAcc=0.6712 | epochs=79
15:49:36 | INFO     |   seed= 123 | valF1=0.6229 | valAcc=0.6301 | epochs=47
15:49:36 | INFO     |   seed=   7 | valF1=0.6397 | valAcc=0.6477 | epochs=54
15:49:36 | INFO     |   seed=2025 | valF1=0.6342 | valAcc=0.6341 | epochs=39
15:49:36 | INFO     |   seed= 999 | valF1=0.6427 | valAcc=0.6438 | epochs=39
15:49:36 | INFO     | 
Test-set classification report:
              precision    recall  f1-score   support

       Happy     0.4500    0.5510    0.4954        49
         Sad     0.5583    0.8816    0.6837        76
       Angry     0.9677    0.7317    0.8333        82
     Neutral     0.7333    0.2200    0.3385        50

    accuracy                         0.6420       257
   macro avg     0.6774    0.5961    0.5877       257
weighted avg     0.7024    0.6420    0.6284       257

15:49:36 | INFO     | Saved results          → /home/mohammad/SPEECH-EMOTION-RECOGNITION/jordanian-speech-emotion-recognition/outputs/results/wav2vec_clf_v2
15:49:36 | INFO     | Saved 5 checkpoints → /home/mohammad/SPEECH-EMOTION-RECOGNITION/jordanian-speech-emotion-recognition/checkpoints/wav2vec_clf_v2
