22:27:05 | INFO     | =================================================================
22:27:05 | INFO     |   SER Classical ML Pipeline | LOSO | Jordanian Arabic
22:27:05 | INFO     | =================================================================
22:27:07 | INFO     | Dataset   : 2,765 samples x 274 features
22:27:07 | INFO     | Speakers  : [1, 2, 3, 4, 5, 6, 7, 8, 9, 10, 11, 12, 13, 14, 15, 16, 17, 18, 19, 20, 21, 22, 23, 24, 25, 26, 27, 28, 29, 30, 31, 32, 33]
22:27:07 | INFO     | Classes   : {0: 687, 1: 721, 2: 671, 3: 686}
22:27:07 | INFO     | 
────────────────────────────────────────────────────────────
22:27:07 | INFO     |   SVM — 33-fold LOSO
22:27:07 | INFO     | ────────────────────────────────────────────────────────────
22:27:15 | INFO     |   Fold  1/33 | Speaker 1          | n_train=2705  n_test= 60 | Acc=0.6167
22:27:16 | INFO     |   Fold  2/33 | Speaker 2          | n_train=2665  n_test=100 | Acc=0.7600
22:27:16 | INFO     |   Fold  3/33 | Speaker 3          | n_train=2665  n_test=100 | Acc=0.3000
22:27:17 | INFO     |   Fold  4/33 | Speaker 4          | n_train=2665  n_test=100 | Acc=0.3900
22:27:18 | INFO     |   Fold  5/33 | Speaker 5          | n_train=2667  n_test= 98 | Acc=0.3061
22:27:19 | INFO     |   Fold  6/33 | Speaker 6          | n_train=2667  n_test= 98 | Acc=0.3571
22:27:20 | INFO     |   Fold  7/33 | Speaker 7          | n_train=2627  n_test=138 | Acc=0.5507
22:27:21 | INFO     |   Fold  8/33 | Speaker 8          | n_train=2665  n_test=100 | Acc=0.3100
22:27:22 | INFO     |   Fold  9/33 | Speaker 9          | n_train=2683  n_test= 82 | Acc=0.4146
22:27:22 | INFO     |   Fold 10/33 | Speaker 10         | n_train=2725  n_test= 40 | Acc=0.3750
22:27:23 | INFO     |   Fold 11/33 | Speaker 11         | n_train=2725  n_test= 40 | Acc=0.3250
22:27:24 | INFO     |   Fold 12/33 | Speaker 12         | n_train=2734  n_test= 31 | Acc=0.0968
22:27:25 | INFO     |   Fold 13/33 | Speaker 13         | n_train=2705  n_test= 60 | Acc=0.2833
22:27:26 | INFO     |   Fold 14/33 | Speaker 14         | n_train=2685  n_test= 80 | Acc=0.4750
22:27:27 | INFO     |   Fold 15/33 | Speaker 15         | n_train=2687  n_test= 78 | Acc=0.4744
22:27:28 | INFO     |   Fold 16/33 | Speaker 16         | n_train=2637  n_test=128 | Acc=0.5391
22:27:28 | INFO     |   Fold 17/33 | Speaker 17         | n_train=2726  n_test= 39 | Acc=0.8718
22:27:29 | INFO     |   Fold 18/33 | Speaker 18         | n_train=2737  n_test= 28 | Acc=0.6429
22:27:30 | INFO     |   Fold 19/33 | Speaker 19         | n_train=2657  n_test=108 | Acc=0.3056
22:27:31 | INFO     |   Fold 20/33 | Speaker 20         | n_train=2715  n_test= 50 | Acc=0.0800
22:27:32 | INFO     |   Fold 21/33 | Speaker 21         | n_train=2665  n_test=100 | Acc=0.4000
22:27:33 | INFO     |   Fold 22/33 | Speaker 22         | n_train=2647  n_test=118 | Acc=0.4831
22:27:34 | INFO     |   Fold 23/33 | Speaker 23         | n_train=2711  n_test= 54 | Acc=0.2778
22:27:34 | INFO     |   Fold 24/33 | Speaker 24         | n_train=2665  n_test=100 | Acc=0.3000
22:27:35 | INFO     |   Fold 25/33 | Speaker 25         | n_train=2705  n_test= 60 | Acc=0.4667
22:27:36 | INFO     |   Fold 26/33 | Speaker 26         | n_train=2665  n_test=100 | Acc=0.3100
22:27:37 | INFO     |   Fold 27/33 | Speaker 27         | n_train=2660  n_test=105 | Acc=0.3143
22:27:41 | INFO     |   Fold 28/33 | Speaker 28         | n_train=2665  n_test=100 | Acc=0.3400
22:27:52 | INFO     |   Fold 29/33 | Speaker 29         | n_train=2667  n_test= 98 | Acc=0.4388
22:27:59 | INFO     |   Fold 30/33 | Speaker 30         | n_train=2666  n_test= 99 | Acc=0.5556
22:28:05 | INFO     |   Fold 31/33 | Speaker 31         | n_train=2690  n_test= 75 | Acc=0.5733
22:28:06 | INFO     |   Fold 32/33 | Speaker 32         | n_train=2663  n_test=102 | Acc=0.5392
22:28:07 | INFO     |   Fold 33/33 | Speaker 33         | n_train=2669  n_test= 96 | Acc=0.5000
22:28:07 | INFO     | 
  LOSO Accuracy : 0.4234 +/- 0.1638
22:28:07 | INFO     |                   precision    recall  f1-score   support
22:28:07 | INFO     |     
22:28:07 | INFO     |            Happy     0.3571    0.4090    0.3813       687
22:28:07 | INFO     |              Sad     0.5045    0.4702    0.4867       721
22:28:07 | INFO     |            Angry     0.4156    0.5097    0.4578       671
22:28:07 | INFO     |          Neutral     0.4534    0.3192    0.3747       686
22:28:07 | INFO     |     
22:28:07 | INFO     |         accuracy                         0.4271      2765
22:28:07 | INFO     |        macro avg     0.4326    0.4270    0.4251      2765
22:28:07 | INFO     |     weighted avg     0.4336    0.4271    0.4257      2765
22:28:07 | INFO     |   SVM finished in 60.4s
22:28:07 | INFO     |   Saved -> C:\Users\mraba\Desktop\NLP PRO\jordanian-speech-emotion-recognition\outputs\results\classical_mfcc_loso\svm
22:28:07 | INFO     | 
────────────────────────────────────────────────────────────
22:28:07 | INFO     |   KNN — 33-fold LOSO
22:28:07 | INFO     | ────────────────────────────────────────────────────────────
22:28:17 | INFO     |   Fold  1/33 | Speaker 1          | n_train=2705  n_test= 60 | Acc=0.5333
22:28:17 | INFO     |   Fold  2/33 | Speaker 2          | n_train=2665  n_test=100 | Acc=0.6100
22:28:17 | INFO     |   Fold  3/33 | Speaker 3          | n_train=2665  n_test=100 | Acc=0.3800
22:28:17 | INFO     |   Fold  4/33 | Speaker 4          | n_train=2665  n_test=100 | Acc=0.4000
22:28:17 | INFO     |   Fold  5/33 | Speaker 5          | n_train=2667  n_test= 98 | Acc=0.4184
22:28:17 | INFO     |   Fold  6/33 | Speaker 6          | n_train=2667  n_test= 98 | Acc=0.4592
22:28:17 | INFO     |   Fold  7/33 | Speaker 7          | n_train=2627  n_test=138 | Acc=0.5580
22:28:17 | INFO     |   Fold  8/33 | Speaker 8          | n_train=2665  n_test=100 | Acc=0.2900
22:28:17 | INFO     |   Fold  9/33 | Speaker 9          | n_train=2683  n_test= 82 | Acc=0.3415
22:28:17 | INFO     |   Fold 10/33 | Speaker 10         | n_train=2725  n_test= 40 | Acc=0.3250
22:28:17 | INFO     |   Fold 11/33 | Speaker 11         | n_train=2725  n_test= 40 | Acc=0.3250
22:28:17 | INFO     |   Fold 12/33 | Speaker 12         | n_train=2734  n_test= 31 | Acc=0.0645
22:28:17 | INFO     |   Fold 13/33 | Speaker 13         | n_train=2705  n_test= 60 | Acc=0.2833
22:28:17 | INFO     |   Fold 14/33 | Speaker 14         | n_train=2685  n_test= 80 | Acc=0.3875
22:28:17 | INFO     |   Fold 15/33 | Speaker 15         | n_train=2687  n_test= 78 | Acc=0.5000
22:28:17 | INFO     |   Fold 16/33 | Speaker 16         | n_train=2637  n_test=128 | Acc=0.3672
22:28:17 | INFO     |   Fold 17/33 | Speaker 17         | n_train=2726  n_test= 39 | Acc=0.3077
22:28:17 | INFO     |   Fold 18/33 | Speaker 18         | n_train=2737  n_test= 28 | Acc=0.4643
22:28:17 | INFO     |   Fold 19/33 | Speaker 19         | n_train=2657  n_test=108 | Acc=0.5648
22:28:17 | INFO     |   Fold 20/33 | Speaker 20         | n_train=2715  n_test= 50 | Acc=0.3800
22:28:17 | INFO     |   Fold 21/33 | Speaker 21         | n_train=2665  n_test=100 | Acc=0.4000
22:28:17 | INFO     |   Fold 22/33 | Speaker 22         | n_train=2647  n_test=118 | Acc=0.5169
22:28:17 | INFO     |   Fold 23/33 | Speaker 23         | n_train=2711  n_test= 54 | Acc=0.2407
22:28:17 | INFO     |   Fold 24/33 | Speaker 24         | n_train=2665  n_test=100 | Acc=0.3500
22:28:17 | INFO     |   Fold 25/33 | Speaker 25         | n_train=2705  n_test= 60 | Acc=0.3833
22:28:17 | INFO     |   Fold 26/33 | Speaker 26         | n_train=2665  n_test=100 | Acc=0.3200
22:28:17 | INFO     |   Fold 27/33 | Speaker 27         | n_train=2660  n_test=105 | Acc=0.3048
22:28:17 | INFO     |   Fold 28/33 | Speaker 28         | n_train=2665  n_test=100 | Acc=0.2600
22:28:17 | INFO     |   Fold 29/33 | Speaker 29         | n_train=2667  n_test= 98 | Acc=0.4388
22:28:17 | INFO     |   Fold 30/33 | Speaker 30         | n_train=2666  n_test= 99 | Acc=0.5253
22:28:17 | INFO     |   Fold 31/33 | Speaker 31         | n_train=2690  n_test= 75 | Acc=0.6267
22:28:17 | INFO     |   Fold 32/33 | Speaker 32         | n_train=2663  n_test=102 | Acc=0.4706
22:28:17 | INFO     |   Fold 33/33 | Speaker 33         | n_train=2669  n_test= 96 | Acc=0.5521
22:28:17 | INFO     | 
  LOSO Accuracy : 0.4045 +/- 0.1191
22:28:17 | INFO     |                   precision    recall  f1-score   support
22:28:17 | INFO     |     
22:28:17 | INFO     |            Happy     0.3771    0.3843    0.3807       687
22:28:17 | INFO     |              Sad     0.5087    0.4036    0.4501       721
22:28:17 | INFO     |            Angry     0.3849    0.3487    0.3659       671
22:28:17 | INFO     |          Neutral     0.4226    0.5452    0.4761       686
22:28:17 | INFO     |     
22:28:17 | INFO     |         accuracy                         0.4206      2765
22:28:17 | INFO     |        macro avg     0.4233    0.4205    0.4182      2765
22:28:17 | INFO     |     weighted avg     0.4246    0.4206    0.4189      2765
22:28:17 | INFO     |   KNN finished in 10.2s
22:28:17 | INFO     |   Saved -> C:\Users\mraba\Desktop\NLP PRO\jordanian-speech-emotion-recognition\outputs\results\classical_mfcc_loso\knn
22:28:17 | INFO     | 
────────────────────────────────────────────────────────────
22:28:17 | INFO     |   MLP — 33-fold LOSO
22:28:17 | INFO     | ────────────────────────────────────────────────────────────
22:28:24 | INFO     |   Fold  1/33 | Speaker 1          | n_train=2705  n_test= 60 | Acc=0.5333
22:28:29 | INFO     |   Fold  2/33 | Speaker 2          | n_train=2665  n_test=100 | Acc=0.7100
22:28:34 | INFO     |   Fold  3/33 | Speaker 3          | n_train=2665  n_test=100 | Acc=0.3200
22:28:39 | INFO     |   Fold  4/33 | Speaker 4          | n_train=2665  n_test=100 | Acc=0.4000
22:28:45 | INFO     |   Fold  5/33 | Speaker 5          | n_train=2667  n_test= 98 | Acc=0.3469
22:28:50 | INFO     |   Fold  6/33 | Speaker 6          | n_train=2667  n_test= 98 | Acc=0.2347
22:28:54 | INFO     |   Fold  7/33 | Speaker 7          | n_train=2627  n_test=138 | Acc=0.5217
22:28:58 | INFO     |   Fold  8/33 | Speaker 8          | n_train=2665  n_test=100 | Acc=0.4300
22:29:04 | INFO     |   Fold  9/33 | Speaker 9          | n_train=2683  n_test= 82 | Acc=0.4024
22:29:09 | INFO     |   Fold 10/33 | Speaker 10         | n_train=2725  n_test= 40 | Acc=0.4250
22:29:19 | INFO     |   Fold 11/33 | Speaker 11         | n_train=2725  n_test= 40 | Acc=0.3250
22:29:31 | INFO     |   Fold 12/33 | Speaker 12         | n_train=2734  n_test= 31 | Acc=0.2258
22:29:36 | INFO     |   Fold 13/33 | Speaker 13         | n_train=2705  n_test= 60 | Acc=0.3000
22:29:41 | INFO     |   Fold 14/33 | Speaker 14         | n_train=2685  n_test= 80 | Acc=0.4875
22:29:46 | INFO     |   Fold 15/33 | Speaker 15         | n_train=2687  n_test= 78 | Acc=0.4487
22:29:53 | INFO     |   Fold 16/33 | Speaker 16         | n_train=2637  n_test=128 | Acc=0.5156
22:30:00 | INFO     |   Fold 17/33 | Speaker 17         | n_train=2726  n_test= 39 | Acc=0.8718
22:30:05 | INFO     |   Fold 18/33 | Speaker 18         | n_train=2737  n_test= 28 | Acc=0.5000
22:30:10 | INFO     |   Fold 19/33 | Speaker 19         | n_train=2657  n_test=108 | Acc=0.3611
22:30:17 | INFO     |   Fold 20/33 | Speaker 20         | n_train=2715  n_test= 50 | Acc=0.1200
22:30:21 | INFO     |   Fold 21/33 | Speaker 21         | n_train=2665  n_test=100 | Acc=0.3400
22:30:27 | INFO     |   Fold 22/33 | Speaker 22         | n_train=2647  n_test=118 | Acc=0.5339
22:30:32 | INFO     |   Fold 23/33 | Speaker 23         | n_train=2711  n_test= 54 | Acc=0.2778
22:30:37 | INFO     |   Fold 24/33 | Speaker 24         | n_train=2665  n_test=100 | Acc=0.3000
22:30:45 | INFO     |   Fold 25/33 | Speaker 25         | n_train=2705  n_test= 60 | Acc=0.4167
22:30:51 | INFO     |   Fold 26/33 | Speaker 26         | n_train=2665  n_test=100 | Acc=0.3400
22:31:01 | INFO     |   Fold 27/33 | Speaker 27         | n_train=2660  n_test=105 | Acc=0.3619
22:31:16 | INFO     |   Fold 28/33 | Speaker 28         | n_train=2665  n_test=100 | Acc=0.3400
22:31:59 | INFO     |   Fold 29/33 | Speaker 29         | n_train=2667  n_test= 98 | Acc=0.4388
22:32:40 | INFO     |   Fold 30/33 | Speaker 30         | n_train=2666  n_test= 99 | Acc=0.5455
22:32:47 | INFO     |   Fold 31/33 | Speaker 31         | n_train=2690  n_test= 75 | Acc=0.5733
22:32:53 | INFO     |   Fold 32/33 | Speaker 32         | n_train=2663  n_test=102 | Acc=0.5098
22:33:01 | INFO     |   Fold 33/33 | Speaker 33         | n_train=2669  n_test= 96 | Acc=0.4792
22:33:01 | INFO     | 
  LOSO Accuracy : 0.4223 +/- 0.1413
22:33:01 | INFO     |                   precision    recall  f1-score   support
22:33:01 | INFO     |     
22:33:01 | INFO     |            Happy     0.3745    0.3843    0.3793       687
22:33:01 | INFO     |              Sad     0.4770    0.4743    0.4757       721
22:33:01 | INFO     |            Angry     0.4175    0.5052    0.4572       671
22:33:01 | INFO     |          Neutral     0.4407    0.3411    0.3846       686
22:33:01 | INFO     |     
22:33:01 | INFO     |         accuracy                         0.4264      2765
22:33:01 | INFO     |        macro avg     0.4274    0.4262    0.4242      2765
22:33:01 | INFO     |     weighted avg     0.4281    0.4264    0.4246      2765
22:33:01 | INFO     |   MLP finished in 283.2s
22:33:01 | INFO     |   Saved -> C:\Users\mraba\Desktop\NLP PRO\jordanian-speech-emotion-recognition\outputs\results\classical_mfcc_loso\mlp
22:33:01 | INFO     | 
=================================================================
22:33:01 | INFO     |   FINAL SUMMARY
22:33:01 | INFO     | =================================================================
22:33:01 | INFO     |   Model  |      Acc |     Std |    Best |   Worst
22:33:01 | INFO     |   ──────-+-────────-+-───────-+-───────-+-───────
22:33:01 | INFO     |   SVM    |   0.4234 |  0.1638 |  0.8718 |  0.0800
22:33:01 | INFO     |   MLP    |   0.4223 |  0.1413 |  0.8718 |  0.1200
22:33:01 | INFO     |   KNN    |   0.4045 |  0.1191 |  0.6267 |  0.0645
22:33:01 | INFO     | =================================================================
22:33:01 | INFO     |   Summary saved -> C:\Users\mraba\Desktop\NLP PRO\jordanian-speech-emotion-recognition\outputs\results\classical_mfcc_loso\summary.csv
22:33:01 | INFO     | 
  Done. Total time: 353.9s
22:33:01 | INFO     |   Results -> C:\Users\mraba\Desktop\NLP PRO\jordanian-speech-emotion-recognition\outputs\results\classical_mfcc_loso

