22:58:56 | INFO     | SER Classical ML Hyperparameter Tuning | MFCC | Train/Val/Test
22:58:57 | INFO     | Dataset: 2765 samples x 274 features
22:58:57 | INFO     | Classes: {0: 687, 1: 721, 2: 671, 3: 686}
22:58:57 | INFO     | Train: 1935
22:58:57 | INFO     | Val  : 415
22:58:57 | INFO     | Test : 415
22:58:57 | INFO     | =================================================================
22:58:57 | INFO     | Tuning SVM | 15 combinations
22:58:57 | INFO     | =================================================================
22:58:57 | INFO     | SVM [01/15] Val=0.6723 | Params={'C': 1, 'gamma': 'scale'} | 0.5s
22:58:58 | INFO     | SVM [02/15] Val=0.6819 | Params={'C': 1, 'gamma': 0.01} | 0.6s
22:58:58 | INFO     | SVM [03/15] Val=0.6000 | Params={'C': 1, 'gamma': 0.001} | 0.5s
22:58:59 | INFO     | SVM [04/15] Val=0.7373 | Params={'C': 5, 'gamma': 'scale'} | 0.6s
22:59:00 | INFO     | SVM [05/15] Val=0.6916 | Params={'C': 5, 'gamma': 0.01} | 0.6s
22:59:00 | INFO     | SVM [06/15] Val=0.6699 | Params={'C': 5, 'gamma': 0.001} | 0.4s
22:59:01 | INFO     | SVM [07/15] Val=0.7229 | Params={'C': 10, 'gamma': 'scale'} | 0.6s
22:59:01 | INFO     | SVM [08/15] Val=0.6916 | Params={'C': 10, 'gamma': 0.01} | 0.6s
22:59:02 | INFO     | SVM [09/15] Val=0.6916 | Params={'C': 10, 'gamma': 0.001} | 0.4s
22:59:02 | INFO     | SVM [10/15] Val=0.7229 | Params={'C': 20, 'gamma': 'scale'} | 0.6s
22:59:03 | INFO     | SVM [11/15] Val=0.6916 | Params={'C': 20, 'gamma': 0.01} | 0.6s
22:59:03 | INFO     | SVM [12/15] Val=0.6892 | Params={'C': 20, 'gamma': 0.001} | 0.5s
22:59:04 | INFO     | SVM [13/15] Val=0.7229 | Params={'C': 50, 'gamma': 'scale'} | 0.6s
22:59:05 | INFO     | SVM [14/15] Val=0.6916 | Params={'C': 50, 'gamma': 0.01} | 0.6s
22:59:05 | INFO     | SVM [15/15] Val=0.6699 | Params={'C': 50, 'gamma': 0.001} | 0.5s
22:59:05 | INFO     | BEST SVM | Val=0.7373 | Params={'C': 5, 'gamma': 'scale'}
22:59:05 | INFO     | -----------------------------------------------------------------
22:59:05 | INFO     | SVM FINAL
22:59:05 | INFO     | Best Val Accuracy : 0.7373
22:59:05 | INFO     | Test Accuracy     : 0.7157
22:59:05 | INFO     | Best Params       : {'C': 5, 'gamma': 'scale'}
22:59:05 | INFO     | =================================================================
22:59:05 | INFO     | Tuning KNN | 20 combinations
22:59:05 | INFO     | =================================================================
22:59:07 | INFO     | KNN [01/20] Val=0.6723 | Params={'metric': 'euclidean', 'n_neighbors': 3, 'weights': 'uniform'} | 1.7s
22:59:07 | INFO     | KNN [02/20] Val=0.6651 | Params={'metric': 'euclidean', 'n_neighbors': 3, 'weights': 'distance'} | 0.0s
22:59:07 | INFO     | KNN [03/20] Val=0.6410 | Params={'metric': 'euclidean', 'n_neighbors': 5, 'weights': 'uniform'} | 0.0s
22:59:07 | INFO     | KNN [04/20] Val=0.6530 | Params={'metric': 'euclidean', 'n_neighbors': 5, 'weights': 'distance'} | 0.0s
22:59:07 | INFO     | KNN [05/20] Val=0.6530 | Params={'metric': 'euclidean', 'n_neighbors': 7, 'weights': 'uniform'} | 0.0s
22:59:07 | INFO     | KNN [06/20] Val=0.6699 | Params={'metric': 'euclidean', 'n_neighbors': 7, 'weights': 'distance'} | 0.0s
22:59:07 | INFO     | KNN [07/20] Val=0.6554 | Params={'metric': 'euclidean', 'n_neighbors': 9, 'weights': 'uniform'} | 0.0s
22:59:07 | INFO     | KNN [08/20] Val=0.6506 | Params={'metric': 'euclidean', 'n_neighbors': 9, 'weights': 'distance'} | 0.0s
22:59:07 | INFO     | KNN [09/20] Val=0.6434 | Params={'metric': 'euclidean', 'n_neighbors': 11, 'weights': 'uniform'} | 0.0s
22:59:07 | INFO     | KNN [10/20] Val=0.6530 | Params={'metric': 'euclidean', 'n_neighbors': 11, 'weights': 'distance'} | 0.0s
22:59:07 | INFO     | KNN [11/20] Val=0.6747 | Params={'metric': 'manhattan', 'n_neighbors': 3, 'weights': 'uniform'} | 0.1s
22:59:07 | INFO     | KNN [12/20] Val=0.6843 | Params={'metric': 'manhattan', 'n_neighbors': 3, 'weights': 'distance'} | 0.1s
22:59:07 | INFO     | KNN [13/20] Val=0.6795 | Params={'metric': 'manhattan', 'n_neighbors': 5, 'weights': 'uniform'} | 0.1s
22:59:07 | INFO     | KNN [14/20] Val=0.6916 | Params={'metric': 'manhattan', 'n_neighbors': 5, 'weights': 'distance'} | 0.1s
22:59:08 | INFO     | KNN [15/20] Val=0.6723 | Params={'metric': 'manhattan', 'n_neighbors': 7, 'weights': 'uniform'} | 0.1s
22:59:08 | INFO     | KNN [16/20] Val=0.6819 | Params={'metric': 'manhattan', 'n_neighbors': 7, 'weights': 'distance'} | 0.1s
22:59:08 | INFO     | KNN [17/20] Val=0.6819 | Params={'metric': 'manhattan', 'n_neighbors': 9, 'weights': 'uniform'} | 0.1s
22:59:08 | INFO     | KNN [18/20] Val=0.6795 | Params={'metric': 'manhattan', 'n_neighbors': 9, 'weights': 'distance'} | 0.1s
22:59:08 | INFO     | KNN [19/20] Val=0.6819 | Params={'metric': 'manhattan', 'n_neighbors': 11, 'weights': 'uniform'} | 0.1s
22:59:08 | INFO     | KNN [20/20] Val=0.6867 | Params={'metric': 'manhattan', 'n_neighbors': 11, 'weights': 'distance'} | 0.1s
22:59:08 | INFO     | BEST KNN | Val=0.6916 | Params={'metric': 'manhattan', 'n_neighbors': 5, 'weights': 'distance'}
22:59:08 | INFO     | -----------------------------------------------------------------
22:59:08 | INFO     | KNN FINAL
22:59:08 | INFO     | Best Val Accuracy : 0.6916
22:59:08 | INFO     | Test Accuracy     : 0.6940
22:59:08 | INFO     | Best Params       : {'metric': 'manhattan', 'n_neighbors': 5, 'weights': 'distance'}
22:59:08 | INFO     | =================================================================
22:59:08 | INFO     | Tuning MLP | 24 combinations
22:59:08 | INFO     | =================================================================
22:59:09 | INFO     | MLP [01/24] Val=0.6843 | Params={'alpha': 0.0001, 'hidden_layer_sizes': (128,), 'learning_rate_init': 0.001} | 1.2s
22:59:10 | INFO     | MLP [02/24] Val=0.6530 | Params={'alpha': 0.0001, 'hidden_layer_sizes': (128,), 'learning_rate_init': 0.0005} | 1.1s
22:59:14 | INFO     | MLP [03/24] Val=0.7181 | Params={'alpha': 0.0001, 'hidden_layer_sizes': (256,), 'learning_rate_init': 0.001} | 4.1s
22:59:21 | INFO     | MLP [04/24] Val=0.7157 | Params={'alpha': 0.0001, 'hidden_layer_sizes': (256,), 'learning_rate_init': 0.0005} | 6.9s
22:59:27 | INFO     | MLP [05/24] Val=0.7157 | Params={'alpha': 0.0001, 'hidden_layer_sizes': (256, 128), 'learning_rate_init': 0.001} | 5.8s
22:59:34 | INFO     | MLP [06/24] Val=0.7036 | Params={'alpha': 0.0001, 'hidden_layer_sizes': (256, 128), 'learning_rate_init': 0.0005} | 6.5s
22:59:35 | INFO     | MLP [07/24] Val=0.6627 | Params={'alpha': 0.0001, 'hidden_layer_sizes': (128, 64), 'learning_rate_init': 0.001} | 1.3s
22:59:37 | INFO     | MLP [08/24] Val=0.6699 | Params={'alpha': 0.0001, 'hidden_layer_sizes': (128, 64), 'learning_rate_init': 0.0005} | 1.7s
22:59:38 | INFO     | MLP [09/24] Val=0.6843 | Params={'alpha': 0.001, 'hidden_layer_sizes': (128,), 'learning_rate_init': 0.001} | 1.2s
22:59:39 | INFO     | MLP [10/24] Val=0.6530 | Params={'alpha': 0.001, 'hidden_layer_sizes': (128,), 'learning_rate_init': 0.0005} | 1.1s
22:59:41 | INFO     | MLP [11/24] Val=0.6988 | Params={'alpha': 0.001, 'hidden_layer_sizes': (256,), 'learning_rate_init': 0.001} | 2.4s
22:59:45 | INFO     | MLP [12/24] Val=0.6916 | Params={'alpha': 0.001, 'hidden_layer_sizes': (256,), 'learning_rate_init': 0.0005} | 3.5s
22:59:53 | INFO     | MLP [13/24] Val=0.7084 | Params={'alpha': 0.001, 'hidden_layer_sizes': (256, 128), 'learning_rate_init': 0.001} | 8.0s
22:59:58 | INFO     | MLP [14/24] Val=0.7036 | Params={'alpha': 0.001, 'hidden_layer_sizes': (256, 128), 'learning_rate_init': 0.0005} | 5.0s
22:59:59 | INFO     | MLP [15/24] Val=0.6651 | Params={'alpha': 0.001, 'hidden_layer_sizes': (128, 64), 'learning_rate_init': 0.001} | 1.4s
23:00:01 | INFO     | MLP [16/24] Val=0.6723 | Params={'alpha': 0.001, 'hidden_layer_sizes': (128, 64), 'learning_rate_init': 0.0005} | 2.0s
23:00:02 | INFO     | MLP [17/24] Val=0.6843 | Params={'alpha': 0.01, 'hidden_layer_sizes': (128,), 'learning_rate_init': 0.001} | 1.1s
23:00:03 | INFO     | MLP [18/24] Val=0.6530 | Params={'alpha': 0.01, 'hidden_layer_sizes': (128,), 'learning_rate_init': 0.0005} | 1.1s
23:00:07 | INFO     | MLP [19/24] Val=0.7084 | Params={'alpha': 0.01, 'hidden_layer_sizes': (256,), 'learning_rate_init': 0.001} | 3.8s
23:00:13 | INFO     | MLP [20/24] Val=0.7133 | Params={'alpha': 0.01, 'hidden_layer_sizes': (256,), 'learning_rate_init': 0.0005} | 6.1s
23:00:16 | INFO     | MLP [21/24] Val=0.6819 | Params={'alpha': 0.01, 'hidden_layer_sizes': (256, 128), 'learning_rate_init': 0.001} | 3.1s
23:00:23 | INFO     | MLP [22/24] Val=0.7084 | Params={'alpha': 0.01, 'hidden_layer_sizes': (256, 128), 'learning_rate_init': 0.0005} | 6.5s
23:00:24 | INFO     | MLP [23/24] Val=0.6627 | Params={'alpha': 0.01, 'hidden_layer_sizes': (128, 64), 'learning_rate_init': 0.001} | 1.3s
23:00:26 | INFO     | MLP [24/24] Val=0.6434 | Params={'alpha': 0.01, 'hidden_layer_sizes': (128, 64), 'learning_rate_init': 0.0005} | 1.4s
23:00:26 | INFO     | BEST MLP | Val=0.7181 | Params={'alpha': 0.0001, 'hidden_layer_sizes': (256,), 'learning_rate_init': 0.001}
23:00:26 | INFO     | -----------------------------------------------------------------
23:00:26 | INFO     | MLP FINAL
23:00:26 | INFO     | Best Val Accuracy : 0.7181
23:00:26 | INFO     | Test Accuracy     : 0.6747
23:00:26 | INFO     | Best Params       : {'alpha': 0.0001, 'hidden_layer_sizes': (256,), 'learning_rate_init': 0.001}
23:00:26 | INFO     | 
FINAL TUNING SUMMARY
23:00:26 | INFO     |   model  best_val_acc  test_acc                                        best_params
0   SVM        0.7373    0.7157                         {'C': 5, 'gamma': 'scale'}
2   MLP        0.7181    0.6747  {'alpha': 0.0001, 'hidden_layer_sizes': (256,)...
1   KNN        0.6916    0.6940  {'metric': 'manhattan', 'n_neighbors': 5, 'wei...
23:00:26 | INFO     | Saved results to: C:\Users\mraba\Desktop\NLP PRO\jordanian-speech-emotion-recognition\outputs\results\classical_mfcc_tuning
23:26:29 | INFO     | SER Classical ML Hyperparameter Tuning | MFCC | Train/Val/Test
23:26:29 | INFO     | Dataset: 2765 samples x 274 features
23:26:29 | INFO     | Classes: {0: 687, 1: 721, 2: 671, 3: 686}
23:26:29 | INFO     | Train: 1935
23:26:29 | INFO     | Val  : 415
23:26:29 | INFO     | Test : 415
23:26:29 | INFO     | =================================================================
23:26:29 | INFO     | Tuning SVM | 15 combinations
23:26:29 | INFO     | =================================================================
23:26:29 | INFO     | SVM [01/15] Val=0.6723 | Params={'C': 1, 'gamma': 'scale'} | 0.3s
23:26:30 | INFO     | SVM [02/15] Val=0.6819 | Params={'C': 1, 'gamma': 0.01} | 0.4s
23:26:30 | INFO     | SVM [03/15] Val=0.6000 | Params={'C': 1, 'gamma': 0.001} | 0.3s
23:26:30 | INFO     | SVM [04/15] Val=0.7373 | Params={'C': 5, 'gamma': 'scale'} | 0.4s
23:26:31 | INFO     | SVM [05/15] Val=0.6916 | Params={'C': 5, 'gamma': 0.01} | 0.4s
23:26:31 | INFO     | SVM [06/15] Val=0.6699 | Params={'C': 5, 'gamma': 0.001} | 0.3s
23:26:31 | INFO     | SVM [07/15] Val=0.7229 | Params={'C': 10, 'gamma': 'scale'} | 0.4s
23:26:32 | INFO     | SVM [08/15] Val=0.6916 | Params={'C': 10, 'gamma': 0.01} | 0.4s
23:26:32 | INFO     | SVM [09/15] Val=0.6916 | Params={'C': 10, 'gamma': 0.001} | 0.3s
23:26:32 | INFO     | SVM [10/15] Val=0.7229 | Params={'C': 20, 'gamma': 'scale'} | 0.4s
23:26:33 | INFO     | SVM [11/15] Val=0.6916 | Params={'C': 20, 'gamma': 0.01} | 0.4s
23:26:33 | INFO     | SVM [12/15] Val=0.6892 | Params={'C': 20, 'gamma': 0.001} | 0.3s
23:26:34 | INFO     | SVM [13/15] Val=0.7229 | Params={'C': 50, 'gamma': 'scale'} | 0.4s
23:26:34 | INFO     | SVM [14/15] Val=0.6916 | Params={'C': 50, 'gamma': 0.01} | 0.4s
23:26:34 | INFO     | SVM [15/15] Val=0.6699 | Params={'C': 50, 'gamma': 0.001} | 0.3s
23:26:34 | INFO     | BEST SVM | Val=0.7373 | Params={'C': 5, 'gamma': 'scale'}
23:26:34 | INFO     | -----------------------------------------------------------------
23:26:34 | INFO     | SVM FINAL
23:26:34 | INFO     | Best Val Accuracy : 0.7373
23:26:34 | INFO     | Test Accuracy     : 0.7157
23:26:34 | INFO     | Best Params       : {'C': 5, 'gamma': 'scale'}
23:26:34 | INFO     | =================================================================
23:26:34 | INFO     | Tuning KNN | 20 combinations
23:26:34 | INFO     | =================================================================
23:26:36 | INFO     | KNN [01/20] Val=0.6723 | Params={'metric': 'euclidean', 'n_neighbors': 3, 'weights': 'uniform'} | 1.7s
23:26:36 | INFO     | KNN [02/20] Val=0.6651 | Params={'metric': 'euclidean', 'n_neighbors': 3, 'weights': 'distance'} | 0.0s
23:26:36 | INFO     | KNN [03/20] Val=0.6410 | Params={'metric': 'euclidean', 'n_neighbors': 5, 'weights': 'uniform'} | 0.0s
23:26:36 | INFO     | KNN [04/20] Val=0.6530 | Params={'metric': 'euclidean', 'n_neighbors': 5, 'weights': 'distance'} | 0.0s
23:26:36 | INFO     | KNN [05/20] Val=0.6530 | Params={'metric': 'euclidean', 'n_neighbors': 7, 'weights': 'uniform'} | 0.0s
23:26:36 | INFO     | KNN [06/20] Val=0.6699 | Params={'metric': 'euclidean', 'n_neighbors': 7, 'weights': 'distance'} | 0.0s
23:26:36 | INFO     | KNN [07/20] Val=0.6554 | Params={'metric': 'euclidean', 'n_neighbors': 9, 'weights': 'uniform'} | 0.0s
23:26:36 | INFO     | KNN [08/20] Val=0.6506 | Params={'metric': 'euclidean', 'n_neighbors': 9, 'weights': 'distance'} | 0.0s
23:26:36 | INFO     | KNN [09/20] Val=0.6434 | Params={'metric': 'euclidean', 'n_neighbors': 11, 'weights': 'uniform'} | 0.0s
23:26:36 | INFO     | KNN [10/20] Val=0.6530 | Params={'metric': 'euclidean', 'n_neighbors': 11, 'weights': 'distance'} | 0.0s
23:26:36 | INFO     | KNN [11/20] Val=0.6747 | Params={'metric': 'manhattan', 'n_neighbors': 3, 'weights': 'uniform'} | 0.1s
23:26:36 | INFO     | KNN [12/20] Val=0.6843 | Params={'metric': 'manhattan', 'n_neighbors': 3, 'weights': 'distance'} | 0.0s
23:26:37 | INFO     | KNN [13/20] Val=0.6795 | Params={'metric': 'manhattan', 'n_neighbors': 5, 'weights': 'uniform'} | 0.1s
23:26:37 | INFO     | KNN [14/20] Val=0.6916 | Params={'metric': 'manhattan', 'n_neighbors': 5, 'weights': 'distance'} | 0.0s
23:26:37 | INFO     | KNN [15/20] Val=0.6723 | Params={'metric': 'manhattan', 'n_neighbors': 7, 'weights': 'uniform'} | 0.1s
23:26:37 | INFO     | KNN [16/20] Val=0.6819 | Params={'metric': 'manhattan', 'n_neighbors': 7, 'weights': 'distance'} | 0.0s
23:26:37 | INFO     | KNN [17/20] Val=0.6819 | Params={'metric': 'manhattan', 'n_neighbors': 9, 'weights': 'uniform'} | 0.1s
23:26:37 | INFO     | KNN [18/20] Val=0.6795 | Params={'metric': 'manhattan', 'n_neighbors': 9, 'weights': 'distance'} | 0.0s
23:26:37 | INFO     | KNN [19/20] Val=0.6819 | Params={'metric': 'manhattan', 'n_neighbors': 11, 'weights': 'uniform'} | 0.1s
23:26:37 | INFO     | KNN [20/20] Val=0.6867 | Params={'metric': 'manhattan', 'n_neighbors': 11, 'weights': 'distance'} | 0.0s
23:26:37 | INFO     | BEST KNN | Val=0.6916 | Params={'metric': 'manhattan', 'n_neighbors': 5, 'weights': 'distance'}
23:26:37 | INFO     | -----------------------------------------------------------------
23:26:37 | INFO     | KNN FINAL
23:26:37 | INFO     | Best Val Accuracy : 0.6916
23:26:37 | INFO     | Test Accuracy     : 0.6940
23:26:37 | INFO     | Best Params       : {'metric': 'manhattan', 'n_neighbors': 5, 'weights': 'distance'}
23:26:37 | INFO     | =================================================================
23:26:37 | INFO     | Tuning MLP | 24 combinations
23:26:37 | INFO     | =================================================================
23:26:37 | INFO     | MLP [01/24] Val=0.6843 | Params={'alpha': 0.0001, 'hidden_layer_sizes': (128,), 'learning_rate_init': 0.001} | 0.5s
23:26:38 | INFO     | MLP [02/24] Val=0.6530 | Params={'alpha': 0.0001, 'hidden_layer_sizes': (128,), 'learning_rate_init': 0.0005} | 0.5s
23:26:40 | INFO     | MLP [03/24] Val=0.7181 | Params={'alpha': 0.0001, 'hidden_layer_sizes': (256,), 'learning_rate_init': 0.001} | 1.9s
23:26:44 | INFO     | MLP [04/24] Val=0.7157 | Params={'alpha': 0.0001, 'hidden_layer_sizes': (256,), 'learning_rate_init': 0.0005} | 3.8s
23:26:46 | INFO     | MLP [05/24] Val=0.7157 | Params={'alpha': 0.0001, 'hidden_layer_sizes': (256, 128), 'learning_rate_init': 0.001} | 2.4s
23:26:49 | INFO     | MLP [06/24] Val=0.7036 | Params={'alpha': 0.0001, 'hidden_layer_sizes': (256, 128), 'learning_rate_init': 0.0005} | 3.0s
23:26:50 | INFO     | MLP [07/24] Val=0.6627 | Params={'alpha': 0.0001, 'hidden_layer_sizes': (128, 64), 'learning_rate_init': 0.001} | 0.6s
23:26:51 | INFO     | MLP [08/24] Val=0.6699 | Params={'alpha': 0.0001, 'hidden_layer_sizes': (128, 64), 'learning_rate_init': 0.0005} | 0.9s
23:26:51 | INFO     | MLP [09/24] Val=0.6843 | Params={'alpha': 0.001, 'hidden_layer_sizes': (128,), 'learning_rate_init': 0.001} | 0.5s
23:26:52 | INFO     | MLP [10/24] Val=0.6530 | Params={'alpha': 0.001, 'hidden_layer_sizes': (128,), 'learning_rate_init': 0.0005} | 0.5s
23:26:53 | INFO     | MLP [11/24] Val=0.6988 | Params={'alpha': 0.001, 'hidden_layer_sizes': (256,), 'learning_rate_init': 0.001} | 1.3s
23:26:55 | INFO     | MLP [12/24] Val=0.6916 | Params={'alpha': 0.001, 'hidden_layer_sizes': (256,), 'learning_rate_init': 0.0005} | 2.0s
23:26:58 | INFO     | MLP [13/24] Val=0.7084 | Params={'alpha': 0.001, 'hidden_layer_sizes': (256, 128), 'learning_rate_init': 0.001} | 3.5s
23:27:00 | INFO     | MLP [14/24] Val=0.7036 | Params={'alpha': 0.001, 'hidden_layer_sizes': (256, 128), 'learning_rate_init': 0.0005} | 2.2s
23:27:01 | INFO     | MLP [15/24] Val=0.6651 | Params={'alpha': 0.001, 'hidden_layer_sizes': (128, 64), 'learning_rate_init': 0.001} | 0.7s
23:27:02 | INFO     | MLP [16/24] Val=0.6723 | Params={'alpha': 0.001, 'hidden_layer_sizes': (128, 64), 'learning_rate_init': 0.0005} | 1.0s
23:27:03 | INFO     | MLP [17/24] Val=0.6843 | Params={'alpha': 0.01, 'hidden_layer_sizes': (128,), 'learning_rate_init': 0.001} | 0.5s
23:27:03 | INFO     | MLP [18/24] Val=0.6530 | Params={'alpha': 0.01, 'hidden_layer_sizes': (128,), 'learning_rate_init': 0.0005} | 0.5s
23:27:05 | INFO     | MLP [19/24] Val=0.7084 | Params={'alpha': 0.01, 'hidden_layer_sizes': (256,), 'learning_rate_init': 0.001} | 1.8s
23:27:09 | INFO     | MLP [20/24] Val=0.7133 | Params={'alpha': 0.01, 'hidden_layer_sizes': (256,), 'learning_rate_init': 0.0005} | 3.8s
23:27:10 | INFO     | MLP [21/24] Val=0.6819 | Params={'alpha': 0.01, 'hidden_layer_sizes': (256, 128), 'learning_rate_init': 0.001} | 1.6s
23:27:14 | INFO     | MLP [22/24] Val=0.7084 | Params={'alpha': 0.01, 'hidden_layer_sizes': (256, 128), 'learning_rate_init': 0.0005} | 3.2s
23:27:14 | INFO     | MLP [23/24] Val=0.6627 | Params={'alpha': 0.01, 'hidden_layer_sizes': (128, 64), 'learning_rate_init': 0.001} | 0.6s
23:27:15 | INFO     | MLP [24/24] Val=0.6434 | Params={'alpha': 0.01, 'hidden_layer_sizes': (128, 64), 'learning_rate_init': 0.0005} | 0.7s
23:27:15 | INFO     | BEST MLP | Val=0.7181 | Params={'alpha': 0.0001, 'hidden_layer_sizes': (256,), 'learning_rate_init': 0.001}
23:27:15 | INFO     | -----------------------------------------------------------------
23:27:15 | INFO     | MLP FINAL
23:27:15 | INFO     | Best Val Accuracy : 0.7181
23:27:15 | INFO     | Test Accuracy     : 0.6747
23:27:15 | INFO     | Best Params       : {'alpha': 0.0001, 'hidden_layer_sizes': (256,), 'learning_rate_init': 0.001}
23:27:15 | INFO     | 
FINAL TUNING SUMMARY
23:27:15 | INFO     |   model  best_val_acc  test_acc                                        best_params
0   SVM        0.7373    0.7157                         {'C': 5, 'gamma': 'scale'}
2   MLP        0.7181    0.6747  {'alpha': 0.0001, 'hidden_layer_sizes': (256,)...
1   KNN        0.6916    0.6940  {'metric': 'manhattan', 'n_neighbors': 5, 'wei...
23:27:15 | INFO     | Saved results to: C:\Users\mraba\Desktop\NLP PRO\jordanian-speech-emotion-recognition\outputs\results\classical_mfcc_tuning
23:36:13 | INFO     | SER Classical ML Hyperparameter Tuning | MFCC | Train/Val/Test
23:36:13 | INFO     | Dataset: 2765 samples x 274 features
23:36:13 | INFO     | Classes: {0: 687, 1: 721, 2: 671, 3: 686}
23:36:13 | INFO     | Train: 1935
23:36:13 | INFO     | Val  : 415
23:36:13 | INFO     | Test : 415
23:36:13 | INFO     | =================================================================
23:36:13 | INFO     | Tuning SVM | 15 combinations
23:36:13 | INFO     | =================================================================
23:36:13 | INFO     | SVM [01/15] Val=0.6723 | Params={'C': 1, 'gamma': 'scale'} | 0.3s
23:36:13 | INFO     | SVM [02/15] Val=0.6819 | Params={'C': 1, 'gamma': 0.01} | 0.4s
23:36:14 | INFO     | SVM [03/15] Val=0.6000 | Params={'C': 1, 'gamma': 0.001} | 0.3s
23:36:14 | INFO     | SVM [04/15] Val=0.7373 | Params={'C': 5, 'gamma': 'scale'} | 0.4s
23:36:15 | INFO     | SVM [05/15] Val=0.6916 | Params={'C': 5, 'gamma': 0.01} | 0.4s
23:36:15 | INFO     | SVM [06/15] Val=0.6699 | Params={'C': 5, 'gamma': 0.001} | 0.3s
23:36:15 | INFO     | SVM [07/15] Val=0.7229 | Params={'C': 10, 'gamma': 'scale'} | 0.4s
23:36:16 | INFO     | SVM [08/15] Val=0.6916 | Params={'C': 10, 'gamma': 0.01} | 0.4s
23:36:16 | INFO     | SVM [09/15] Val=0.6916 | Params={'C': 10, 'gamma': 0.001} | 0.3s
23:36:16 | INFO     | SVM [10/15] Val=0.7229 | Params={'C': 20, 'gamma': 'scale'} | 0.4s
23:36:17 | INFO     | SVM [11/15] Val=0.6916 | Params={'C': 20, 'gamma': 0.01} | 0.4s
23:36:17 | INFO     | SVM [12/15] Val=0.6892 | Params={'C': 20, 'gamma': 0.001} | 0.3s
23:36:18 | INFO     | SVM [13/15] Val=0.7229 | Params={'C': 50, 'gamma': 'scale'} | 0.4s
23:36:18 | INFO     | SVM [14/15] Val=0.6916 | Params={'C': 50, 'gamma': 0.01} | 0.4s
23:36:18 | INFO     | SVM [15/15] Val=0.6699 | Params={'C': 50, 'gamma': 0.001} | 0.3s
23:36:18 | INFO     | BEST SVM | Val=0.7373 | Params={'C': 5, 'gamma': 'scale'}
23:36:18 | INFO     | -----------------------------------------------------------------
23:36:18 | INFO     | SVM FINAL
23:36:18 | INFO     | Best Val Accuracy : 0.7373
23:36:18 | INFO     | Test Accuracy     : 0.7157
23:36:18 | INFO     | Best Params       : {'C': 5, 'gamma': 'scale'}
23:36:18 | INFO     | =================================================================
23:36:18 | INFO     | Tuning KNN | 20 combinations
23:36:18 | INFO     | =================================================================
23:36:21 | INFO     | KNN [01/20] Val=0.6723 | Params={'metric': 'euclidean', 'n_neighbors': 3, 'weights': 'uniform'} | 2.7s
23:36:21 | INFO     | KNN [02/20] Val=0.6651 | Params={'metric': 'euclidean', 'n_neighbors': 3, 'weights': 'distance'} | 0.0s
23:36:21 | INFO     | KNN [03/20] Val=0.6410 | Params={'metric': 'euclidean', 'n_neighbors': 5, 'weights': 'uniform'} | 0.0s
23:36:21 | INFO     | KNN [04/20] Val=0.6530 | Params={'metric': 'euclidean', 'n_neighbors': 5, 'weights': 'distance'} | 0.0s
23:36:21 | INFO     | KNN [05/20] Val=0.6530 | Params={'metric': 'euclidean', 'n_neighbors': 7, 'weights': 'uniform'} | 0.0s
23:36:21 | INFO     | KNN [06/20] Val=0.6699 | Params={'metric': 'euclidean', 'n_neighbors': 7, 'weights': 'distance'} | 0.0s
23:36:21 | INFO     | KNN [07/20] Val=0.6554 | Params={'metric': 'euclidean', 'n_neighbors': 9, 'weights': 'uniform'} | 0.0s
23:36:21 | INFO     | KNN [08/20] Val=0.6506 | Params={'metric': 'euclidean', 'n_neighbors': 9, 'weights': 'distance'} | 0.0s
23:36:21 | INFO     | KNN [09/20] Val=0.6434 | Params={'metric': 'euclidean', 'n_neighbors': 11, 'weights': 'uniform'} | 0.0s
23:36:21 | INFO     | KNN [10/20] Val=0.6530 | Params={'metric': 'euclidean', 'n_neighbors': 11, 'weights': 'distance'} | 0.0s
23:36:21 | INFO     | KNN [11/20] Val=0.6747 | Params={'metric': 'manhattan', 'n_neighbors': 3, 'weights': 'uniform'} | 0.1s
23:36:21 | INFO     | KNN [12/20] Val=0.6843 | Params={'metric': 'manhattan', 'n_neighbors': 3, 'weights': 'distance'} | 0.0s
23:36:21 | INFO     | KNN [13/20] Val=0.6795 | Params={'metric': 'manhattan', 'n_neighbors': 5, 'weights': 'uniform'} | 0.1s
23:36:21 | INFO     | KNN [14/20] Val=0.6916 | Params={'metric': 'manhattan', 'n_neighbors': 5, 'weights': 'distance'} | 0.0s
23:36:21 | INFO     | KNN [15/20] Val=0.6723 | Params={'metric': 'manhattan', 'n_neighbors': 7, 'weights': 'uniform'} | 0.1s
23:36:22 | INFO     | KNN [16/20] Val=0.6819 | Params={'metric': 'manhattan', 'n_neighbors': 7, 'weights': 'distance'} | 0.0s
23:36:22 | INFO     | KNN [17/20] Val=0.6819 | Params={'metric': 'manhattan', 'n_neighbors': 9, 'weights': 'uniform'} | 0.1s
23:36:22 | INFO     | KNN [18/20] Val=0.6795 | Params={'metric': 'manhattan', 'n_neighbors': 9, 'weights': 'distance'} | 0.0s
23:36:22 | INFO     | KNN [19/20] Val=0.6819 | Params={'metric': 'manhattan', 'n_neighbors': 11, 'weights': 'uniform'} | 0.1s
23:36:22 | INFO     | KNN [20/20] Val=0.6867 | Params={'metric': 'manhattan', 'n_neighbors': 11, 'weights': 'distance'} | 0.0s
23:36:22 | INFO     | BEST KNN | Val=0.6916 | Params={'metric': 'manhattan', 'n_neighbors': 5, 'weights': 'distance'}
23:36:22 | INFO     | -----------------------------------------------------------------
23:36:22 | INFO     | KNN FINAL
23:36:22 | INFO     | Best Val Accuracy : 0.6916
23:36:22 | INFO     | Test Accuracy     : 0.6940
23:36:22 | INFO     | Best Params       : {'metric': 'manhattan', 'n_neighbors': 5, 'weights': 'distance'}
23:36:22 | INFO     | =================================================================
23:36:22 | INFO     | Tuning MLP | 24 combinations
23:36:22 | INFO     | =================================================================
23:36:22 | INFO     | MLP [01/24] Val=0.6843 | Params={'alpha': 0.0001, 'hidden_layer_sizes': (128,), 'learning_rate_init': 0.001} | 0.5s
23:36:23 | INFO     | MLP [02/24] Val=0.6530 | Params={'alpha': 0.0001, 'hidden_layer_sizes': (128,), 'learning_rate_init': 0.0005} | 0.5s
23:36:25 | INFO     | MLP [03/24] Val=0.7181 | Params={'alpha': 0.0001, 'hidden_layer_sizes': (256,), 'learning_rate_init': 0.001} | 2.2s
23:36:29 | INFO     | MLP [04/24] Val=0.7157 | Params={'alpha': 0.0001, 'hidden_layer_sizes': (256,), 'learning_rate_init': 0.0005} | 3.6s
23:36:31 | INFO     | MLP [05/24] Val=0.7157 | Params={'alpha': 0.0001, 'hidden_layer_sizes': (256, 128), 'learning_rate_init': 0.001} | 2.4s
23:36:34 | INFO     | MLP [06/24] Val=0.7036 | Params={'alpha': 0.0001, 'hidden_layer_sizes': (256, 128), 'learning_rate_init': 0.0005} | 3.3s
23:36:35 | INFO     | MLP [07/24] Val=0.6627 | Params={'alpha': 0.0001, 'hidden_layer_sizes': (128, 64), 'learning_rate_init': 0.001} | 0.6s
23:36:36 | INFO     | MLP [08/24] Val=0.6699 | Params={'alpha': 0.0001, 'hidden_layer_sizes': (128, 64), 'learning_rate_init': 0.0005} | 0.8s
23:36:36 | INFO     | MLP [09/24] Val=0.6843 | Params={'alpha': 0.001, 'hidden_layer_sizes': (128,), 'learning_rate_init': 0.001} | 0.5s
23:36:37 | INFO     | MLP [10/24] Val=0.6530 | Params={'alpha': 0.001, 'hidden_layer_sizes': (128,), 'learning_rate_init': 0.0005} | 0.5s
23:36:38 | INFO     | MLP [11/24] Val=0.6988 | Params={'alpha': 0.001, 'hidden_layer_sizes': (256,), 'learning_rate_init': 0.001} | 1.3s
23:36:40 | INFO     | MLP [12/24] Val=0.6916 | Params={'alpha': 0.001, 'hidden_layer_sizes': (256,), 'learning_rate_init': 0.0005} | 1.7s
23:36:43 | INFO     | MLP [13/24] Val=0.7084 | Params={'alpha': 0.001, 'hidden_layer_sizes': (256, 128), 'learning_rate_init': 0.001} | 3.7s
23:36:46 | INFO     | MLP [14/24] Val=0.7036 | Params={'alpha': 0.001, 'hidden_layer_sizes': (256, 128), 'learning_rate_init': 0.0005} | 2.5s
23:36:47 | INFO     | MLP [15/24] Val=0.6651 | Params={'alpha': 0.001, 'hidden_layer_sizes': (128, 64), 'learning_rate_init': 0.001} | 0.7s
23:36:48 | INFO     | MLP [16/24] Val=0.6723 | Params={'alpha': 0.001, 'hidden_layer_sizes': (128, 64), 'learning_rate_init': 0.0005} | 1.0s
23:36:48 | INFO     | MLP [17/24] Val=0.6843 | Params={'alpha': 0.01, 'hidden_layer_sizes': (128,), 'learning_rate_init': 0.001} | 0.5s
23:36:49 | INFO     | MLP [18/24] Val=0.6530 | Params={'alpha': 0.01, 'hidden_layer_sizes': (128,), 'learning_rate_init': 0.0005} | 0.5s
23:36:50 | INFO     | MLP [19/24] Val=0.7084 | Params={'alpha': 0.01, 'hidden_layer_sizes': (256,), 'learning_rate_init': 0.001} | 1.8s
23:36:54 | INFO     | MLP [20/24] Val=0.7133 | Params={'alpha': 0.01, 'hidden_layer_sizes': (256,), 'learning_rate_init': 0.0005} | 4.0s
23:36:56 | INFO     | MLP [21/24] Val=0.6819 | Params={'alpha': 0.01, 'hidden_layer_sizes': (256, 128), 'learning_rate_init': 0.001} | 1.3s
23:36:58 | INFO     | MLP [22/24] Val=0.7084 | Params={'alpha': 0.01, 'hidden_layer_sizes': (256, 128), 'learning_rate_init': 0.0005} | 2.8s
23:36:59 | INFO     | MLP [23/24] Val=0.6627 | Params={'alpha': 0.01, 'hidden_layer_sizes': (128, 64), 'learning_rate_init': 0.001} | 0.7s
23:37:00 | INFO     | MLP [24/24] Val=0.6434 | Params={'alpha': 0.01, 'hidden_layer_sizes': (128, 64), 'learning_rate_init': 0.0005} | 0.7s
23:37:00 | INFO     | BEST MLP | Val=0.7181 | Params={'alpha': 0.0001, 'hidden_layer_sizes': (256,), 'learning_rate_init': 0.001}
23:37:00 | INFO     | -----------------------------------------------------------------
23:37:00 | INFO     | MLP FINAL
23:37:00 | INFO     | Best Val Accuracy : 0.7181
23:37:00 | INFO     | Test Accuracy     : 0.6747
23:37:00 | INFO     | Best Params       : {'alpha': 0.0001, 'hidden_layer_sizes': (256,), 'learning_rate_init': 0.001}
23:37:00 | INFO     | 
FINAL TUNING SUMMARY
23:37:00 | INFO     |   model  best_val_acc  test_acc                                        best_params
0   SVM        0.7373    0.7157                         {'C': 5, 'gamma': 'scale'}
2   MLP        0.7181    0.6747  {'alpha': 0.0001, 'hidden_layer_sizes': (256,)...
1   KNN        0.6916    0.6940  {'metric': 'manhattan', 'n_neighbors': 5, 'wei...
23:37:00 | INFO     | Saved results to: C:\Users\mraba\Desktop\NLP PRO\jordanian-speech-emotion-recognition\outputs\results\classical_mfcc_tuning
