13:23:29 | INFO     | SER WAV2VEC Head | Speaker-Independent Split
13:23:29 | INFO     | Device       : cuda
13:23:29 | INFO     | Feature dir  : data/features/wav2vec
13:23:29 | INFO     | Metadata     : /home/mohammad/SPEECH-EMOTION-RECOGNITION/jordanian-speech-emotion-recognition/data/metadata.csv
13:23:29 | INFO     | Mixup alpha  : 0.0
13:23:29 | INFO     | Ensemble     : 5 seeds ([42, 123, 7, 2025, 999])
13:23:29 | INFO     | Indexed 2765 cached embeddings from data/features/wav2vec
13:23:29 | INFO     | Embedding dim (auto-detected): 1024
13:23:30 | INFO     | Train speakers: [np.int64(1), np.int64(2), np.int64(3), np.int64(4), np.int64(5), np.int64(6), np.int64(7), np.int64(8), np.int64(9), np.int64(10), np.int64(12), np.int64(14), np.int64(15), np.int64(19), np.int64(20), np.int64(21), np.int64(24), np.int64(25), np.int64(26), np.int64(29), np.int64(30), np.int64(31), np.int64(32)]
13:23:30 | INFO     | Val speakers  : [np.int64(13), np.int64(16), np.int64(22), np.int64(27), np.int64(28)]
13:23:30 | INFO     | Test speakers : [np.int64(11), np.int64(17), np.int64(18), np.int64(23), np.int64(33)]
13:23:30 | INFO     | Train samples : 1997 | label dist: [479, 484, 488, 546]
13:23:30 | INFO     | Val samples   : 511   | label dist: [159, 161, 101, 90]
13:23:30 | INFO     | Test samples  : 257  | label dist: [49, 76, 82, 50]
13:23:30 | INFO     | ======================================================================
13:23:30 | INFO     | Grid search | 8 combos | seed=42 | mixup α=0.0 | emb_dim=1024 | device=cuda
13:23:30 | INFO     | ======================================================================
13:23:38 | INFO     | [01/8] valF1=0.6135 valAcc=0.6204 epochs=75 | {'batch_size': 64, 'dropout': 0.4, 'epochs': 100, 'hidden_dims': (128,), 'lr': 0.001, 'patience': 20, 'weight_decay': 0.001} | 7.8s
13:23:43 | INFO     | [02/8] valF1=0.6190 valAcc=0.6243 epochs=60 | {'batch_size': 64, 'dropout': 0.4, 'epochs': 100, 'hidden_dims': (128,), 'lr': 0.0005, 'patience': 20, 'weight_decay': 0.001} | 5.0s
13:23:47 | INFO     | [03/8] valF1=0.6113 valAcc=0.6184 epochs=48 | {'batch_size': 64, 'dropout': 0.4, 'epochs': 100, 'hidden_dims': (256,), 'lr': 0.001, 'patience': 20, 'weight_decay': 0.001} | 4.0s
13:23:51 | INFO     | [04/8] valF1=0.6088 valAcc=0.6184 epochs=48 | {'batch_size': 64, 'dropout': 0.4, 'epochs': 100, 'hidden_dims': (256,), 'lr': 0.0005, 'patience': 20, 'weight_decay': 0.001} | 4.2s
13:23:58 | INFO     | [05/8] valF1=0.6052 valAcc=0.6125 epochs=89 | {'batch_size': 64, 'dropout': 0.6, 'epochs': 100, 'hidden_dims': (128,), 'lr': 0.001, 'patience': 20, 'weight_decay': 0.001} | 7.3s
13:24:04 | INFO     | [06/8] valF1=0.6255 valAcc=0.6321 epochs=71 | {'batch_size': 64, 'dropout': 0.6, 'epochs': 100, 'hidden_dims': (128,), 'lr': 0.0005, 'patience': 20, 'weight_decay': 0.001} | 6.0s
13:24:11 | INFO     | [07/8] valF1=0.6169 valAcc=0.6204 epochs=77 | {'batch_size': 64, 'dropout': 0.6, 'epochs': 100, 'hidden_dims': (256,), 'lr': 0.001, 'patience': 20, 'weight_decay': 0.001} | 6.6s
13:24:18 | INFO     | [08/8] valF1=0.6168 valAcc=0.6301 epochs=83 | {'batch_size': 64, 'dropout': 0.6, 'epochs': 100, 'hidden_dims': (256,), 'lr': 0.0005, 'patience': 20, 'weight_decay': 0.001} | 7.1s
13:24:18 | INFO     | BEST GRID | valF1=0.6255 valAcc=0.6321 | {'batch_size': 64, 'dropout': 0.6, 'epochs': 100, 'hidden_dims': (128,), 'lr': 0.0005, 'patience': 20, 'weight_decay': 0.001}
13:24:18 | INFO     | ======================================================================
13:24:18 | INFO     | Ensemble | retraining best config under 5 seeds: [42, 123, 7, 2025, 999]
13:24:18 | INFO     | ======================================================================
13:24:23 | INFO     | [seed   42] valF1=0.6255 valAcc=0.6321 epochs=71 | 5.7s
13:24:30 | INFO     | [seed  123] valF1=0.6073 valAcc=0.6145 epochs=80 | 6.7s
13:24:38 | INFO     | [seed    7] valF1=0.6078 valAcc=0.6223 epochs=94 | 7.7s
13:24:45 | INFO     | [seed 2025] valF1=0.6194 valAcc=0.6282 epochs=88 | 7.3s
13:24:52 | INFO     | [seed  999] valF1=0.6087 valAcc=0.6184 epochs=82 | 6.8s
13:24:52 | INFO     | ----------------------------------------------------------------------
13:24:52 | INFO     | WAV2VEC-CLF FINAL  (5-seed ensemble)
13:24:52 | INFO     | Split      Accuracy    MacroF1
13:24:52 | INFO     | Train        0.9765     0.9762
13:24:52 | INFO     | Val            0.6204     0.6108
13:24:52 | INFO     | Test          0.5798     0.5343
13:24:52 | INFO     | Generalisation gap (train→test): +0.3967 acc | +0.4418 F1
13:24:52 | INFO     | Best Params : {'batch_size': 64, 'dropout': 0.6, 'epochs': 100, 'hidden_dims': (128,), 'lr': 0.0005, 'patience': 20, 'weight_decay': 0.001}
13:24:52 | INFO     | Per-seed validation (members of the ensemble):
13:24:52 | INFO     |   seed=  42 | valF1=0.6255 | valAcc=0.6321 | epochs=71
13:24:52 | INFO     |   seed= 123 | valF1=0.6073 | valAcc=0.6145 | epochs=80
13:24:52 | INFO     |   seed=   7 | valF1=0.6078 | valAcc=0.6223 | epochs=94
13:24:52 | INFO     |   seed=2025 | valF1=0.6194 | valAcc=0.6282 | epochs=88
13:24:52 | INFO     |   seed= 999 | valF1=0.6087 | valAcc=0.6184 | epochs=82
13:24:52 | INFO     | 
Test-set classification report:
              precision    recall  f1-score   support

       Happy     0.3418    0.5510    0.4219        49
         Sad     0.5275    0.6316    0.5749        76
       Angry     0.9143    0.7805    0.8421        82
     Neutral     0.5882    0.2000    0.2985        50

    accuracy                         0.5798       257
   macro avg     0.5929    0.5408    0.5343       257
weighted avg     0.6273    0.5798    0.5772       257

13:24:52 | INFO     | Saved results          → /home/mohammad/SPEECH-EMOTION-RECOGNITION/jordanian-speech-emotion-recognition/outputs/results/wav2vec_clf
13:24:52 | INFO     | Saved 5 checkpoints → /home/mohammad/SPEECH-EMOTION-RECOGNITION/jordanian-speech-emotion-recognition/checkpoints/wav2vec_clf
