15:36:29 | INFO     | SER WAV2VEC Head V3 | Stronger Speaker-Invariant Adversarial Training
15:36:29 | INFO     | Device: cuda | Feature dir: outputs/features/wav2vec_stats
15:36:29 | INFO     | Mixup: 0.3 | AdvW: 1.0 | ConfW: 0.3 | GRL: step
15:36:29 | INFO     | Indexed 2765 cached embeddings from outputs/features/wav2vec_stats
15:36:29 | INFO     | Embedding dim (auto-detected): 6144
15:36:30 | INFO     | Train: 1997 samples | Val: 511 | Test: 257
15:36:30 | INFO     | Speakers: 33 | Train dist: [479, 484, 488, 546]
15:36:30 | INFO     | ======================================================================
15:36:30 | INFO     | V3 Grid Search | 8 combos | seed=42 | emb_dim=6144
15:36:30 | INFO     | ======================================================================
15:36:39 | INFO     | [01/8] valF1=0.3609 valAcc=0.3992 gap=0.3283 epochs=32 | 8.8s
15:36:47 | INFO     | [02/8] valF1=0.3609 valAcc=0.3992 gap=0.3343 epochs=32 | 7.7s
15:36:54 | INFO     | [03/8] valF1=0.3171 valAcc=0.3542 gap=0.3163 epochs=32 | 7.7s
15:37:02 | INFO     | [04/8] valF1=0.3171 valAcc=0.3542 gap=0.3193 epochs=32 | 8.0s
15:37:11 | INFO     | [05/8] valF1=0.3549 valAcc=0.3933 gap=0.3091 epochs=32 | 8.3s
15:37:19 | INFO     | [06/8] valF1=0.3549 valAcc=0.3933 gap=0.3109 epochs=32 | 8.1s
15:37:27 | INFO     | [07/8] valF1=0.3180 valAcc=0.3542 gap=0.2939 epochs=32 | 8.0s
15:37:34 | INFO     | [08/8] valF1=0.3180 valAcc=0.3542 gap=0.3012 epochs=32 | 7.8s
15:37:34 | INFO     | BEST | valF1=0.3549 valAcc=0.3933 gap=0.3091 | {'batch_size': 32, 'dropout': 0.8, 'epochs': 200, 'grad_clip': 1.0, 'grl_lambda': 1.0, 'hidden_dims': (32,), 'label_smoothing': 0.3, 'lr': 0.0001, 'min_lr': 1e-07, 'patience': 30, 'warmup_epochs': 10, 'weight_decay': 0.1}
15:37:34 | INFO     | ======================================================================
15:37:34 | INFO     | V3 Ensemble | 5 seeds: [42, 123, 7, 2025, 999]
15:37:34 | INFO     | ======================================================================
15:37:43 | INFO     | [seed   42] valF1=0.3549 valAcc=0.3933 gap=0.3091 epochs=32 | 8.0s
15:37:50 | INFO     | [seed  123] valF1=0.2898 valAcc=0.3659 gap=0.2774 epochs=31 | 7.8s
15:37:58 | INFO     | [seed    7] valF1=0.2970 valAcc=0.3209 gap=0.2800 epochs=31 | 8.1s
15:38:06 | INFO     | [seed 2025] valF1=0.3142 valAcc=0.3444 gap=0.2861 epochs=32 | 8.0s
15:38:15 | INFO     | [seed  999] valF1=0.4331 valAcc=0.4560 gap=0.3146 epochs=32 | 8.2s
15:38:15 | INFO     | ----------------------------------------------------------------------
15:38:15 | INFO     | WAV2VEC-CLF-V3 FINAL (5-seed ensemble)
15:38:15 | INFO     | Split      Accuracy    MacroF1
15:38:15 | INFO     | Train        0.4562     0.4055
15:38:15 | INFO     | Val            0.4070     0.3483
15:38:15 | INFO     | Test          0.3891     0.2863
15:38:15 | INFO     | Gap (train→test): +0.0671 acc | +0.1193 F1
15:38:15 | INFO     | Best Params: {'batch_size': 32, 'dropout': 0.8, 'epochs': 200, 'grad_clip': 1.0, 'grl_lambda': 1.0, 'hidden_dims': (32,), 'label_smoothing': 0.3, 'lr': 0.0001, 'min_lr': 1e-07, 'patience': 30, 'warmup_epochs': 10, 'weight_decay': 0.1}
15:38:15 | INFO     |   seed=  42 | valF1=0.3549 | valAcc=0.3933 | gap=0.3091
15:38:15 | INFO     |   seed= 123 | valF1=0.2898 | valAcc=0.3659 | gap=0.2774
15:38:15 | INFO     |   seed=   7 | valF1=0.2970 | valAcc=0.3209 | gap=0.2800
15:38:15 | INFO     |   seed=2025 | valF1=0.3142 | valAcc=0.3444 | gap=0.2861
15:38:15 | INFO     |   seed= 999 | valF1=0.4331 | valAcc=0.4560 | gap=0.3146
15:38:15 | INFO     | 
Test-set classification report:
              precision    recall  f1-score   support

       Happy     0.0000    0.0000    0.0000        49
         Sad     0.3817    0.6579    0.4831        76
       Angry     0.4388    0.5244    0.4778        82
     Neutral     0.2692    0.1400    0.1842        50

    accuracy                         0.3891       257
   macro avg     0.2724    0.3306    0.2863       257
weighted avg     0.3052    0.3891    0.3311       257

15:38:15 | INFO     | Saved results → /home/mohammad/SPEECH-EMOTION-RECOGNITION/jordanian-speech-emotion-recognition/outputs/results/wav2vec_clf_v3
15:38:15 | INFO     | Saved 5 checkpoints → /home/mohammad/SPEECH-EMOTION-RECOGNITION/jordanian-speech-emotion-recognition/checkpoints/wav2vec_clf_v3
