23:38:41 | INFO     | ================================================================================
23:38:41 | INFO     | SER Classical ML Pipeline | Tuned LOSO Final Evaluation
23:38:41 | INFO     | ================================================================================
23:38:41 | INFO     | Tuning source: speaker-based cluster split
23:38:41 | INFO     | Cluster tuning split: Train=23 speakers, Val=5 speakers, Test=5 speakers
23:38:41 | INFO     | Tuned parameters: {'svm': {'C': 5, 'gamma': 'scale'}, 'knn': {'metric': 'manhattan', 'n_neighbors': 5, 'weights': 'distance'}, 'mlp': {'hidden_layer_sizes': (256,), 'alpha': 0.0001, 'learning_rate_init': 0.001}}
23:38:41 | INFO     | Dataset  : 2,765 samples x 274 features
23:38:41 | INFO     | Speakers : [1, 2, 3, 4, 5, 6, 7, 8, 9, 10, 11, 12, 13, 14, 15, 16, 17, 18, 19, 20, 21, 22, 23, 24, 25, 26, 27, 28, 29, 30, 31, 32, 33]
23:38:41 | INFO     | Classes  : {0: 687, 1: 721, 2: 671, 3: 686}
23:38:41 | INFO     | 
──────────────────────────────────────────────────────────────────────
23:38:41 | INFO     | SVM | Tuned LOSO | 33 folds
23:38:41 | INFO     | ──────────────────────────────────────────────────────────────────────
23:38:42 | INFO     | Fold 01/33 | Speaker 1   | n_train=2705 | n_test= 60 | Acc=0.6333 | 0.6s
23:38:42 | INFO     | Fold 02/33 | Speaker 2   | n_train=2665 | n_test=100 | Acc=0.7300 | 0.6s
23:38:43 | INFO     | Fold 03/33 | Speaker 3   | n_train=2665 | n_test=100 | Acc=0.3000 | 0.6s
23:38:43 | INFO     | Fold 04/33 | Speaker 4   | n_train=2665 | n_test=100 | Acc=0.4100 | 0.6s
23:38:44 | INFO     | Fold 05/33 | Speaker 5   | n_train=2667 | n_test= 98 | Acc=0.3265 | 0.6s
23:38:44 | INFO     | Fold 06/33 | Speaker 6   | n_train=2667 | n_test= 98 | Acc=0.3776 | 0.6s
23:38:45 | INFO     | Fold 07/33 | Speaker 7   | n_train=2627 | n_test=138 | Acc=0.5507 | 0.6s
23:38:46 | INFO     | Fold 08/33 | Speaker 8   | n_train=2665 | n_test=100 | Acc=0.3500 | 0.6s
23:38:46 | INFO     | Fold 09/33 | Speaker 9   | n_train=2683 | n_test= 82 | Acc=0.4390 | 0.5s
23:38:47 | INFO     | Fold 10/33 | Speaker 10  | n_train=2725 | n_test= 40 | Acc=0.4000 | 0.6s
23:38:47 | INFO     | Fold 11/33 | Speaker 11  | n_train=2725 | n_test= 40 | Acc=0.2750 | 0.6s
23:38:48 | INFO     | Fold 12/33 | Speaker 12  | n_train=2734 | n_test= 31 | Acc=0.0968 | 0.6s
23:38:48 | INFO     | Fold 13/33 | Speaker 13  | n_train=2705 | n_test= 60 | Acc=0.2833 | 0.5s
23:38:49 | INFO     | Fold 14/33 | Speaker 14  | n_train=2685 | n_test= 80 | Acc=0.5000 | 0.5s
23:38:49 | INFO     | Fold 15/33 | Speaker 15  | n_train=2687 | n_test= 78 | Acc=0.4744 | 0.5s
23:38:50 | INFO     | Fold 16/33 | Speaker 16  | n_train=2637 | n_test=128 | Acc=0.5391 | 0.5s
23:38:50 | INFO     | Fold 17/33 | Speaker 17  | n_train=2726 | n_test= 39 | Acc=0.8718 | 0.6s
23:38:51 | INFO     | Fold 18/33 | Speaker 18  | n_train=2737 | n_test= 28 | Acc=0.6429 | 0.6s
23:38:52 | INFO     | Fold 19/33 | Speaker 19  | n_train=2657 | n_test=108 | Acc=0.3333 | 0.6s
23:38:52 | INFO     | Fold 20/33 | Speaker 20  | n_train=2715 | n_test= 50 | Acc=0.1000 | 0.6s
23:38:53 | INFO     | Fold 21/33 | Speaker 21  | n_train=2665 | n_test=100 | Acc=0.4200 | 0.5s
23:38:53 | INFO     | Fold 22/33 | Speaker 22  | n_train=2647 | n_test=118 | Acc=0.5339 | 0.6s
23:38:54 | INFO     | Fold 23/33 | Speaker 23  | n_train=2711 | n_test= 54 | Acc=0.2593 | 0.5s
23:38:54 | INFO     | Fold 24/33 | Speaker 24  | n_train=2665 | n_test=100 | Acc=0.2900 | 0.5s
23:38:55 | INFO     | Fold 25/33 | Speaker 25  | n_train=2705 | n_test= 60 | Acc=0.4833 | 0.6s
23:38:55 | INFO     | Fold 26/33 | Speaker 26  | n_train=2665 | n_test=100 | Acc=0.2800 | 0.5s
23:38:56 | INFO     | Fold 27/33 | Speaker 27  | n_train=2660 | n_test=105 | Acc=0.3524 | 0.5s
23:38:57 | INFO     | Fold 28/33 | Speaker 28  | n_train=2665 | n_test=100 | Acc=0.3400 | 0.5s
23:38:57 | INFO     | Fold 29/33 | Speaker 29  | n_train=2667 | n_test= 98 | Acc=0.4286 | 0.5s
23:38:58 | INFO     | Fold 30/33 | Speaker 30  | n_train=2666 | n_test= 99 | Acc=0.5859 | 0.5s
23:38:58 | INFO     | Fold 31/33 | Speaker 31  | n_train=2690 | n_test= 75 | Acc=0.5733 | 0.5s
23:38:59 | INFO     | Fold 32/33 | Speaker 32  | n_train=2663 | n_test=102 | Acc=0.5392 | 0.5s
23:38:59 | INFO     | Fold 33/33 | Speaker 33  | n_train=2669 | n_test= 96 | Acc=0.5104 | 0.5s
23:38:59 | INFO     | 
SVM RESULTS
23:38:59 | INFO     | Mean LOSO Accuracy    : 0.4312 +/- 0.1633
23:38:59 | INFO     | Overall Sample Accuracy: 0.4365
23:38:59 | INFO     |                 precision    recall  f1-score   support
23:38:59 | INFO     |   
23:38:59 | INFO     |          Happy     0.3706    0.4148    0.3915       687
23:38:59 | INFO     |            Sad     0.5058    0.4799    0.4925       721
23:38:59 | INFO     |          Angry     0.4251    0.5201    0.4678       671
23:38:59 | INFO     |        Neutral     0.4623    0.3309    0.3857       686
23:38:59 | INFO     |   
23:38:59 | INFO     |       accuracy                         0.4365      2765
23:38:59 | INFO     |      macro avg     0.4410    0.4364    0.4344      2765
23:38:59 | INFO     |   weighted avg     0.4419    0.4365    0.4349      2765
23:38:59 | INFO     | Saved SVM results -> C:\Users\mraba\Desktop\NLP PRO\jordanian-speech-emotion-recognition\outputs\results\classical_mfcc_loso_tuned\svm
23:38:59 | INFO     | SVM finished in 18.3s
23:38:59 | INFO     | 
──────────────────────────────────────────────────────────────────────
23:38:59 | INFO     | KNN | Tuned LOSO | 33 folds
23:38:59 | INFO     | ──────────────────────────────────────────────────────────────────────
23:39:01 | INFO     | Fold 01/33 | Speaker 1   | n_train=2705 | n_test= 60 | Acc=0.5000 | 1.6s
23:39:01 | INFO     | Fold 02/33 | Speaker 2   | n_train=2665 | n_test=100 | Acc=0.5800 | 0.0s
23:39:01 | INFO     | Fold 03/33 | Speaker 3   | n_train=2665 | n_test=100 | Acc=0.3300 | 0.0s
23:39:01 | INFO     | Fold 04/33 | Speaker 4   | n_train=2665 | n_test=100 | Acc=0.4000 | 0.0s
23:39:01 | INFO     | Fold 05/33 | Speaker 5   | n_train=2667 | n_test= 98 | Acc=0.3776 | 0.0s
23:39:01 | INFO     | Fold 06/33 | Speaker 6   | n_train=2667 | n_test= 98 | Acc=0.3980 | 0.0s
23:39:01 | INFO     | Fold 07/33 | Speaker 7   | n_train=2627 | n_test=138 | Acc=0.6304 | 0.0s
23:39:01 | INFO     | Fold 08/33 | Speaker 8   | n_train=2665 | n_test=100 | Acc=0.3000 | 0.0s
23:39:01 | INFO     | Fold 09/33 | Speaker 9   | n_train=2683 | n_test= 82 | Acc=0.4146 | 0.0s
23:39:01 | INFO     | Fold 10/33 | Speaker 10  | n_train=2725 | n_test= 40 | Acc=0.2750 | 0.0s
23:39:01 | INFO     | Fold 11/33 | Speaker 11  | n_train=2725 | n_test= 40 | Acc=0.3750 | 0.0s
23:39:01 | INFO     | Fold 12/33 | Speaker 12  | n_train=2734 | n_test= 31 | Acc=0.1935 | 0.0s
23:39:01 | INFO     | Fold 13/33 | Speaker 13  | n_train=2705 | n_test= 60 | Acc=0.2167 | 0.0s
23:39:01 | INFO     | Fold 14/33 | Speaker 14  | n_train=2685 | n_test= 80 | Acc=0.4375 | 0.0s
23:39:01 | INFO     | Fold 15/33 | Speaker 15  | n_train=2687 | n_test= 78 | Acc=0.4744 | 0.0s
23:39:01 | INFO     | Fold 16/33 | Speaker 16  | n_train=2637 | n_test=128 | Acc=0.3516 | 0.0s
23:39:01 | INFO     | Fold 17/33 | Speaker 17  | n_train=2726 | n_test= 39 | Acc=0.3077 | 0.0s
23:39:01 | INFO     | Fold 18/33 | Speaker 18  | n_train=2737 | n_test= 28 | Acc=0.6429 | 0.0s
23:39:01 | INFO     | Fold 19/33 | Speaker 19  | n_train=2657 | n_test=108 | Acc=0.5463 | 0.0s
23:39:01 | INFO     | Fold 20/33 | Speaker 20  | n_train=2715 | n_test= 50 | Acc=0.4000 | 0.0s
23:39:01 | INFO     | Fold 21/33 | Speaker 21  | n_train=2665 | n_test=100 | Acc=0.4600 | 0.0s
23:39:01 | INFO     | Fold 22/33 | Speaker 22  | n_train=2647 | n_test=118 | Acc=0.5593 | 0.0s
23:39:01 | INFO     | Fold 23/33 | Speaker 23  | n_train=2711 | n_test= 54 | Acc=0.2222 | 0.0s
23:39:01 | INFO     | Fold 24/33 | Speaker 24  | n_train=2665 | n_test=100 | Acc=0.2700 | 0.0s
23:39:01 | INFO     | Fold 25/33 | Speaker 25  | n_train=2705 | n_test= 60 | Acc=0.3833 | 0.0s
23:39:01 | INFO     | Fold 26/33 | Speaker 26  | n_train=2665 | n_test=100 | Acc=0.3200 | 0.0s
23:39:01 | INFO     | Fold 27/33 | Speaker 27  | n_train=2660 | n_test=105 | Acc=0.3048 | 0.0s
23:39:01 | INFO     | Fold 28/33 | Speaker 28  | n_train=2665 | n_test=100 | Acc=0.3200 | 0.0s
23:39:01 | INFO     | Fold 29/33 | Speaker 29  | n_train=2667 | n_test= 98 | Acc=0.4184 | 0.0s
23:39:01 | INFO     | Fold 30/33 | Speaker 30  | n_train=2666 | n_test= 99 | Acc=0.4848 | 0.0s
23:39:01 | INFO     | Fold 31/33 | Speaker 31  | n_train=2690 | n_test= 75 | Acc=0.6000 | 0.0s
23:39:01 | INFO     | Fold 32/33 | Speaker 32  | n_train=2663 | n_test=102 | Acc=0.4608 | 0.0s
23:39:01 | INFO     | Fold 33/33 | Speaker 33  | n_train=2669 | n_test= 96 | Acc=0.5208 | 0.0s
23:39:01 | INFO     | 
KNN RESULTS
23:39:01 | INFO     | Mean LOSO Accuracy    : 0.4084 +/- 0.1187
23:39:01 | INFO     | Overall Sample Accuracy: 0.4195
23:39:01 | INFO     |                 precision    recall  f1-score   support
23:39:01 | INFO     |   
23:39:01 | INFO     |          Happy     0.3806    0.4061    0.3930       687
23:39:01 | INFO     |            Sad     0.5382    0.4300    0.4780       721
23:39:01 | INFO     |          Angry     0.3816    0.3532    0.3669       671
23:39:01 | INFO     |        Neutral     0.4000    0.4869    0.4392       686
23:39:01 | INFO     |   
23:39:01 | INFO     |       accuracy                         0.4195      2765
23:39:01 | INFO     |      macro avg     0.4251    0.4190    0.4193      2765
23:39:01 | INFO     |   weighted avg     0.4268    0.4195    0.4203      2765
23:39:01 | INFO     | Saved KNN results -> C:\Users\mraba\Desktop\NLP PRO\jordanian-speech-emotion-recognition\outputs\results\classical_mfcc_loso_tuned\knn
23:39:01 | INFO     | KNN finished in 2.1s
23:39:01 | INFO     | 
──────────────────────────────────────────────────────────────────────
23:39:01 | INFO     | MLP | Tuned LOSO | 33 folds
23:39:01 | INFO     | ──────────────────────────────────────────────────────────────────────
23:39:03 | INFO     | Fold 01/33 | Speaker 1   | n_train=2705 | n_test= 60 | Acc=0.5167 | 1.7s
23:39:05 | INFO     | Fold 02/33 | Speaker 2   | n_train=2665 | n_test=100 | Acc=0.6400 | 2.3s
23:39:08 | INFO     | Fold 03/33 | Speaker 3   | n_train=2665 | n_test=100 | Acc=0.2800 | 2.5s
23:39:10 | INFO     | Fold 04/33 | Speaker 4   | n_train=2665 | n_test=100 | Acc=0.3800 | 1.7s
23:39:11 | INFO     | Fold 05/33 | Speaker 5   | n_train=2667 | n_test= 98 | Acc=0.3163 | 1.8s
23:39:14 | INFO     | Fold 06/33 | Speaker 6   | n_train=2667 | n_test= 98 | Acc=0.3571 | 2.2s
23:39:16 | INFO     | Fold 07/33 | Speaker 7   | n_train=2627 | n_test=138 | Acc=0.5072 | 1.9s
23:39:20 | INFO     | Fold 08/33 | Speaker 8   | n_train=2665 | n_test=100 | Acc=0.3300 | 4.5s
23:39:22 | INFO     | Fold 09/33 | Speaker 9   | n_train=2683 | n_test= 82 | Acc=0.4634 | 2.1s
23:39:26 | INFO     | Fold 10/33 | Speaker 10  | n_train=2725 | n_test= 40 | Acc=0.4500 | 4.1s
23:39:29 | INFO     | Fold 11/33 | Speaker 11  | n_train=2725 | n_test= 40 | Acc=0.2750 | 2.8s
23:39:32 | INFO     | Fold 12/33 | Speaker 12  | n_train=2734 | n_test= 31 | Acc=0.2581 | 2.5s
23:39:35 | INFO     | Fold 13/33 | Speaker 13  | n_train=2705 | n_test= 60 | Acc=0.3167 | 3.1s
23:39:38 | INFO     | Fold 14/33 | Speaker 14  | n_train=2685 | n_test= 80 | Acc=0.4625 | 3.2s
23:39:40 | INFO     | Fold 15/33 | Speaker 15  | n_train=2687 | n_test= 78 | Acc=0.4744 | 2.0s
23:39:42 | INFO     | Fold 16/33 | Speaker 16  | n_train=2637 | n_test=128 | Acc=0.5625 | 2.0s
23:39:44 | INFO     | Fold 17/33 | Speaker 17  | n_train=2726 | n_test= 39 | Acc=0.8205 | 1.9s
23:39:46 | INFO     | Fold 18/33 | Speaker 18  | n_train=2737 | n_test= 28 | Acc=0.4643 | 2.4s
23:39:54 | INFO     | Fold 19/33 | Speaker 19  | n_train=2657 | n_test=108 | Acc=0.4815 | 7.5s
23:40:09 | INFO     | Fold 20/33 | Speaker 20  | n_train=2715 | n_test= 50 | Acc=0.0800 | 15.0s
23:40:23 | INFO     | Fold 21/33 | Speaker 21  | n_train=2665 | n_test=100 | Acc=0.4300 | 14.1s
23:40:24 | INFO     | Fold 22/33 | Speaker 22  | n_train=2647 | n_test=118 | Acc=0.5847 | 1.2s
23:40:26 | INFO     | Fold 23/33 | Speaker 23  | n_train=2711 | n_test= 54 | Acc=0.2963 | 2.0s
23:40:30 | INFO     | Fold 24/33 | Speaker 24  | n_train=2665 | n_test=100 | Acc=0.3100 | 3.7s
23:40:32 | INFO     | Fold 25/33 | Speaker 25  | n_train=2705 | n_test= 60 | Acc=0.3667 | 2.7s
23:40:35 | INFO     | Fold 26/33 | Speaker 26  | n_train=2665 | n_test=100 | Acc=0.3200 | 2.5s
23:40:37 | INFO     | Fold 27/33 | Speaker 27  | n_train=2660 | n_test=105 | Acc=0.3810 | 2.5s
23:40:41 | INFO     | Fold 28/33 | Speaker 28  | n_train=2665 | n_test=100 | Acc=0.3400 | 3.5s
23:40:43 | INFO     | Fold 29/33 | Speaker 29  | n_train=2667 | n_test= 98 | Acc=0.4796 | 1.8s
23:40:46 | INFO     | Fold 30/33 | Speaker 30  | n_train=2666 | n_test= 99 | Acc=0.5152 | 3.3s
23:40:48 | INFO     | Fold 31/33 | Speaker 31  | n_train=2690 | n_test= 75 | Acc=0.5600 | 1.9s
23:40:49 | INFO     | Fold 32/33 | Speaker 32  | n_train=2663 | n_test=102 | Acc=0.4804 | 1.7s
23:40:52 | INFO     | Fold 33/33 | Speaker 33  | n_train=2669 | n_test= 96 | Acc=0.4271 | 2.4s
23:40:52 | INFO     | 
MLP RESULTS
23:40:52 | INFO     | Mean LOSO Accuracy    : 0.4220 +/- 0.1335
23:40:52 | INFO     | Overall Sample Accuracy: 0.4297
23:40:52 | INFO     |                 precision    recall  f1-score   support
23:40:52 | INFO     |   
23:40:52 | INFO     |          Happy     0.3511    0.3450    0.3480       687
23:40:52 | INFO     |            Sad     0.5014    0.4979    0.4997       721
23:40:52 | INFO     |          Angry     0.4188    0.5112    0.4604       671
23:40:52 | INFO     |        Neutral     0.4486    0.3630    0.4013       686
23:40:52 | INFO     |   
23:40:52 | INFO     |       accuracy                         0.4297      2765
23:40:52 | INFO     |      macro avg     0.4300    0.4293    0.4273      2765
23:40:52 | INFO     |   weighted avg     0.4309    0.4297    0.4280      2765
23:40:52 | INFO     | Saved MLP results -> C:\Users\mraba\Desktop\NLP PRO\jordanian-speech-emotion-recognition\outputs\results\classical_mfcc_loso_tuned\mlp
23:40:52 | INFO     | MLP finished in 110.5s
23:40:52 | INFO     | 
================================================================================
23:40:52 | INFO     | FINAL TUNED LOSO SUMMARY
23:40:52 | INFO     | ================================================================================
23:40:52 | INFO     |   model  mean_loso_accuracy  ...  n_folds                                       tuned_params
0   SVM              0.4312  ...       33                         {'C': 5, 'gamma': 'scale'}
2   MLP              0.4220  ...       33  {'hidden_layer_sizes': (256,), 'alpha': 0.0001...
1   KNN              0.4084  ...       33  {'metric': 'manhattan', 'n_neighbors': 5, 'wei...

[3 rows x 8 columns]
23:40:52 | INFO     | Summary saved -> C:\Users\mraba\Desktop\NLP PRO\jordanian-speech-emotion-recognition\outputs\results\classical_mfcc_loso_tuned\summary.csv
23:40:52 | INFO     | 
Done. Total time: 130.9s
23:40:52 | INFO     | Results -> C:\Users\mraba\Desktop\NLP PRO\jordanian-speech-emotion-recognition\outputs\results\classical_mfcc_loso_tuned
