22:52:11 | INFO     | =================================================================
22:52:11 | INFO     | SER Classical ML Pipeline | Train/Val/Test Split
22:52:11 | INFO     | =================================================================
22:52:11 | INFO     | Dataset : 2,765 samples x 274 features
22:52:11 | INFO     | Classes : {0: 687, 1: 721, 2: 671, 3: 686}
22:52:11 | INFO     | Train : 1935 samples
22:52:11 | INFO     | Val   : 415 samples
22:52:11 | INFO     | Test  : 415 samples
22:52:11 | INFO     | 
============================================================
22:52:11 | INFO     | Training SVM
22:52:11 | INFO     | ============================================================
22:52:12 | INFO     | SVM Validation Accuracy: 0.7229
22:52:12 | INFO     | SVM Test Accuracy      : 0.7133
22:52:12 | INFO     | SVM Time               : 0.9s
22:52:12 | INFO     | 
============================================================
22:52:12 | INFO     | Training KNN
22:52:12 | INFO     | ============================================================
22:52:15 | INFO     | KNN Validation Accuracy: 0.6699
22:52:15 | INFO     | KNN Test Accuracy      : 0.6627
22:52:15 | INFO     | KNN Time               : 3.1s
22:52:15 | INFO     | 
============================================================
22:52:15 | INFO     | Training MLP
22:52:15 | INFO     | ============================================================
22:52:23 | INFO     | MLP Validation Accuracy: 0.7084
22:52:23 | INFO     | MLP Test Accuracy      : 0.6627
22:52:23 | INFO     | MLP Time               : 8.7s
22:52:23 | INFO     | 
FINAL SUMMARY
22:52:23 | INFO     |   model  val_acc  test_acc
0   SVM   0.7229    0.7133
2   MLP   0.7084    0.6627
1   KNN   0.6699    0.6627
22:52:24 | INFO     | Results saved to: C:\Users\mraba\Desktop\NLP PRO\jordanian-speech-emotion-recognition\outputs\results\classical_mfcc_split
